Archive member included to satisfy reference by file (symbol)

C:/ST/STM32CubeIDE_1.19.0/STM32CubeIDE/plugins/com.st.stm32cube.ide.mcu.externaltools.gnu-tools-for-stm32.13.3.rel1.win32_1.0.0.202411081344/tools/bin/../lib/gcc/arm-none-eabi/13.3.1/../../../../arm-none-eabi/lib/thumb/v7-m/nofp\libc_nano.a(libc_a-exit.o)
                              C:/ST/STM32CubeIDE_1.19.0/STM32CubeIDE/plugins/com.st.stm32cube.ide.mcu.externaltools.gnu-tools-for-stm32.13.3.rel1.win32_1.0.0.202411081344/tools/bin/../lib/gcc/arm-none-eabi/13.3.1/../../../../arm-none-eabi/lib/thumb/v7-m/nofp/crt0.o (exit)
C:/ST/STM32CubeIDE_1.19.0/STM32CubeIDE/plugins/com.st.stm32cube.ide.mcu.externaltools.gnu-tools-for-stm32.13.3.rel1.win32_1.0.0.202411081344/tools/bin/../lib/gcc/arm-none-eabi/13.3.1/../../../../arm-none-eabi/lib/thumb/v7-m/nofp\libc_nano.a(libc_a-findfp.o)
                              C:/ST/STM32CubeIDE_1.19.0/STM32CubeIDE/plugins/com.st.stm32cube.ide.mcu.externaltools.gnu-tools-for-stm32.13.3.rel1.win32_1.0.0.202411081344/tools/bin/../lib/gcc/arm-none-eabi/13.3.1/../../../../arm-none-eabi/lib/thumb/v7-m/nofp\libc_nano.a(libc_a-exit.o) (__stdio_exit_handler)
C:/ST/STM32CubeIDE_1.19.0/STM32CubeIDE/plugins/com.st.stm32cube.ide.mcu.externaltools.gnu-tools-for-stm32.13.3.rel1.win32_1.0.0.202411081344/tools/bin/../lib/gcc/arm-none-eabi/13.3.1/../../../../arm-none-eabi/lib/thumb/v7-m/nofp\libc_nano.a(libc_a-fwalk.o)
                              C:/ST/STM32CubeIDE_1.19.0/STM32CubeIDE/plugins/com.st.stm32cube.ide.mcu.externaltools.gnu-tools-for-stm32.13.3.rel1.win32_1.0.0.202411081344/tools/bin/../lib/gcc/arm-none-eabi/13.3.1/../../../../arm-none-eabi/lib/thumb/v7-m/nofp\libc_nano.a(libc_a-findfp.o) (_fwalk_sglue)
C:/ST/STM32CubeIDE_1.19.0/STM32CubeIDE/plugins/com.st.stm32cube.ide.mcu.externaltools.gnu-tools-for-stm32.13.3.rel1.win32_1.0.0.202411081344/tools/bin/../lib/gcc/arm-none-eabi/13.3.1/../../../../arm-none-eabi/lib/thumb/v7-m/nofp\libc_nano.a(libc_a-sprintf.o)
                              ./Core/Src/float.o (sprintf)
C:/ST/STM32CubeIDE_1.19.0/STM32CubeIDE/plugins/com.st.stm32cube.ide.mcu.externaltools.gnu-tools-for-stm32.13.3.rel1.win32_1.0.0.202411081344/tools/bin/../lib/gcc/arm-none-eabi/13.3.1/../../../../arm-none-eabi/lib/thumb/v7-m/nofp\libc_nano.a(libc_a-stdio.o)
                              C:/ST/STM32CubeIDE_1.19.0/STM32CubeIDE/plugins/com.st.stm32cube.ide.mcu.externaltools.gnu-tools-for-stm32.13.3.rel1.win32_1.0.0.202411081344/tools/bin/../lib/gcc/arm-none-eabi/13.3.1/../../../../arm-none-eabi/lib/thumb/v7-m/nofp\libc_nano.a(libc_a-findfp.o) (__sread)
C:/ST/STM32CubeIDE_1.19.0/STM32CubeIDE/plugins/com.st.stm32cube.ide.mcu.externaltools.gnu-tools-for-stm32.13.3.rel1.win32_1.0.0.202411081344/tools/bin/../lib/gcc/arm-none-eabi/13.3.1/../../../../arm-none-eabi/lib/thumb/v7-m/nofp\libc_nano.a(libc_a-memcmp.o)
                              ./Core/Src/inv_mpu.o (memcmp)
C:/ST/STM32CubeIDE_1.19.0/STM32CubeIDE/plugins/com.st.stm32cube.ide.mcu.externaltools.gnu-tools-for-stm32.13.3.rel1.win32_1.0.0.202411081344/tools/bin/../lib/gcc/arm-none-eabi/13.3.1/../../../../arm-none-eabi/lib/thumb/v7-m/nofp\libc_nano.a(libc_a-memset.o)
                              C:/ST/STM32CubeIDE_1.19.0/STM32CubeIDE/plugins/com.st.stm32cube.ide.mcu.externaltools.gnu-tools-for-stm32.13.3.rel1.win32_1.0.0.202411081344/tools/bin/../lib/gcc/arm-none-eabi/13.3.1/../../../../arm-none-eabi/lib/thumb/v7-m/nofp/crt0.o (memset)
C:/ST/STM32CubeIDE_1.19.0/STM32CubeIDE/plugins/com.st.stm32cube.ide.mcu.externaltools.gnu-tools-for-stm32.13.3.rel1.win32_1.0.0.202411081344/tools/bin/../lib/gcc/arm-none-eabi/13.3.1/../../../../arm-none-eabi/lib/thumb/v7-m/nofp\libc_nano.a(libc_a-strcat.o)
                              ./Core/Src/float.o (strcat)
C:/ST/STM32CubeIDE_1.19.0/STM32CubeIDE/plugins/com.st.stm32cube.ide.mcu.externaltools.gnu-tools-for-stm32.13.3.rel1.win32_1.0.0.202411081344/tools/bin/../lib/gcc/arm-none-eabi/13.3.1/../../../../arm-none-eabi/lib/thumb/v7-m/nofp\libc_nano.a(libc_a-closer.o)
                              C:/ST/STM32CubeIDE_1.19.0/STM32CubeIDE/plugins/com.st.stm32cube.ide.mcu.externaltools.gnu-tools-for-stm32.13.3.rel1.win32_1.0.0.202411081344/tools/bin/../lib/gcc/arm-none-eabi/13.3.1/../../../../arm-none-eabi/lib/thumb/v7-m/nofp\libc_nano.a(libc_a-stdio.o) (_close_r)
C:/ST/STM32CubeIDE_1.19.0/STM32CubeIDE/plugins/com.st.stm32cube.ide.mcu.externaltools.gnu-tools-for-stm32.13.3.rel1.win32_1.0.0.202411081344/tools/bin/../lib/gcc/arm-none-eabi/13.3.1/../../../../arm-none-eabi/lib/thumb/v7-m/nofp\libc_nano.a(libc_a-reent.o)
                              C:/ST/STM32CubeIDE_1.19.0/STM32CubeIDE/plugins/com.st.stm32cube.ide.mcu.externaltools.gnu-tools-for-stm32.13.3.rel1.win32_1.0.0.202411081344/tools/bin/../lib/gcc/arm-none-eabi/13.3.1/../../../../arm-none-eabi/lib/thumb/v7-m/nofp\libc_nano.a(libc_a-closer.o) (errno)
[...]
Memory Configuration

Name             Origin             Length             Attributes
RAM              0x20000000         0x00005000         xrw
FLASH            0x08000000         0x00010000         xr
*default*        0x00000000         0xffffffff

Linker script and memory map

LOAD C:/ST/STM32CubeIDE_1.19.0/STM32CubeIDE/plugins/com.st.stm32cube.ide.mcu.externaltools.gnu-tools-for-stm32.13.3.rel1.win32_1.0.0.202411081344/tools/bin/../lib/gcc/arm-none-eabi/13.3.1/thumb/v7-m/nofp/crti.o
LOAD C:/ST/STM32CubeIDE_1.19.0/STM32CubeIDE/plugins/com.st.stm32cube.ide.mcu.externaltools.gnu-tools-for-stm32.13.3.rel1.win32_1.0.0.202411081344/tools/bin/../lib/gcc/arm-none-eabi/13.3.1/thumb/v7-m/nofp/crtbegin.o
LOAD C:/ST/STM32CubeIDE_1.19.0/STM32CubeIDE/plugins/com.st.stm32cube.ide.mcu.externaltools.gnu-tools-for-stm32.13.3.rel1.win32_1.0.0.202411081344/tools/bin/../lib/gcc/arm-none-eabi/13.3.1/../../../../arm-none-eabi/lib/thumb/v7-m/nofp/crt0.o
LOAD ./Core/Src/IIC.o
LOAD ./Core/Src/encoder.o
LOAD ./Core/Src/float.o
LOAD ./Core/Src/font.o
LOAD ./Core/Src/gpio.o
LOAD ./Core/Src/i2c.o
LOAD ./Core/Src/inv_mpu.o
LOAD ./Core/Src/inv_mpu_dmp_motion_driver.o
LOAD ./Core/Src/main.o
LOAD ./Core/Src/motor.o
LOAD ./Core/Src/mpu6050.o
LOAD ./Core/Src/oled.o
LOAD ./Core/Src/pid.o
LOAD ./Core/Src/sr04.o
LOAD ./Core/Src/stm32f1xx_hal_msp.o
LOAD ./Core/Src/stm32f1xx_it.o
LOAD ./Core/Src/syscalls.o
LOAD ./Core/Src/sysmem.o
LOAD ./Core/Src/system_stm32f1xx.o
LOAD ./Core/Src/tim.o
LOAD ./Core/Src/usart.o
LOAD ./Core/Startup/startup_stm32f103c8tx.o
LOAD ./Drivers/STM32F1xx_HAL_Driver/Src/stm32f1xx_hal.o
LOAD ./Drivers/STM32F1xx_HAL_Driver/Src/stm32f1xx_hal_cortex.o
LOAD ./Drivers/STM32F1xx_HAL_Driver/Src/stm32f1xx_hal_dma.o
LOAD ./Drivers/STM32F1xx_HAL_Driver/Src/stm32f1xx_hal_exti.o
LOAD ./Drivers/STM32F1xx_HAL_Driver/Src/stm32f1xx_hal_flash.o
LOAD ./Drivers/STM32F1xx_HAL_Driver/Src/stm32f1xx_hal_flash_ex.o
LOAD ./Drivers/STM32F1xx_HAL_Driver/Src/stm32f1xx_hal_gpio.o
LOAD ./Drivers/STM32F1xx_HAL_Driver/Src/stm32f1xx_hal_gpio_ex.o
LOAD ./Drivers/STM32F1xx_HAL_Driver/Src/stm32f1xx_hal_i2c.o
LOAD ./Drivers/STM32F1xx_HAL_Driver/Src/stm32f1xx_hal_pwr.o
LOAD ./Drivers/STM32F1xx_HAL_Driver/Src/stm32f1xx_hal_rcc.o
LOAD ./Drivers/STM32F1xx_HAL_Driver/Src/stm32f1xx_hal_rcc_ex.o
LOAD ./Drivers/STM32F1xx_HAL_Driver/Src/stm32f1xx_hal_tim.o
LOAD ./Drivers/STM32F1xx_HAL_Driver/Src/stm32f1xx_hal_tim_ex.o
LOAD ./Drivers/STM32F1xx_HAL_Driver/Src/stm32f1xx_hal_uart.o
START GROUP
LOAD C:/ST/STM32CubeIDE_1.19.0/STM32CubeIDE/plugins/com.st.stm32cube.ide.mcu.externaltools.gnu-tools-for-stm32.13.3.rel1.win32_1.0.0.202411081344/tools/bin/../lib/gcc/arm-none-eabi/13.3.1/../../../../arm-none-eabi/lib/thumb/v7-m/nofp\libc_nano.a
LOAD C:/ST/STM32CubeIDE_1.19.0/STM32CubeIDE/plugins/com.st.stm32cube.ide.mcu.externaltools.gnu-tools-for-stm32.13.3.rel1.win32_1.0.0.202411081344/tools/bin/../lib/gcc/arm-none-eabi/13.3.1/../../../../arm-none-eabi/lib/thumb/v7-m/nofp\libm.a
END GROUP
START GROUP
LOAD C:/ST/STM32CubeIDE_1.19.0/STM32CubeIDE/plugins/com.st.stm32cube.ide.mcu.externaltools.gnu-tools-for-stm32.13.3.rel1.win32_1.0.0.202411081344/tools/bin/../lib/gcc/arm-none-eabi/13.3.1/thumb/v7-m/nofp\libgcc.a
LOAD C:/ST/STM32CubeIDE_1.19.0/STM32CubeIDE/plugins/com.st.stm32cube.ide.mcu.externaltools.gnu-tools-for-stm32.13.3.rel1.win32_1.0.0.202411081344/tools/bin/../lib/gcc/arm-none-eabi/13.3.1/../../../../arm-none-eabi/lib/thumb/v7-m/nofp\libc_nano.a
END GROUP
START GROUP
LOAD C:/ST/STM32CubeIDE_1.19.0/STM32CubeIDE/plugins/com.st.stm32cube.ide.mcu.externaltools.gnu-tools-for-stm32.13.3.rel1.win32_1.0.0.202411081344/tools/bin/../lib/gcc/arm-none-eabi/13.3.1/thumb/v7-m/nofp\libgcc.a
LOAD C:/ST/STM32CubeIDE_1.19.0/STM32CubeIDE/plugins/com.st.stm32cube.ide.mcu.externaltools.gnu-tools-for-stm32.13.3.rel1.win32_1.0.0.202411081344/tools/bin/../lib/gcc/arm-none-eabi/13.3.1/../../../../arm-none-eabi/lib/thumb/v7-m/nofp\libc_nano.a
LOAD C:/ST/STM32CubeIDE_1.19.0/STM32CubeIDE/plugins/com.st.stm32cube.ide.mcu.externaltools.gnu-tools-for-stm32.13.3.rel1.win32_1.0.0.202411081344/tools/bin/../lib/gcc/arm-none-eabi/13.3.1/../../../../arm-none-eabi/lib/thumb/v7-m/nofp\libnosys.a
END GROUP
START GROUP
LOAD C:/ST/STM32CubeIDE_1.19.0/STM32CubeIDE/plugins/com.st.stm32cube.ide.mcu.externaltools.gnu-tools-for-stm32.13.3.rel1.win32_1.0.0.202411081344/tools/bin/../lib/gcc/arm-none-eabi/13.3.1/thumb/v7-m/nofp\libgcc.a
LOAD C:/ST/STM32CubeIDE_1.19.0/STM32CubeIDE/plugins/com.st.stm32cube.ide.mcu.externaltools.gnu-tools-for-stm32.13.3.rel1.win32_1.0.0.202411081344/tools/bin/../lib/gcc/arm-none-eabi/13.3.1/../../../../arm-none-eabi/lib/thumb/v7-m/nofp\libc_nano.a
LOAD C:/ST/STM32CubeIDE_1.19.0/STM32CubeIDE/plugins/com.st.stm32cube.ide.mcu.externaltools.gnu-tools-for-stm32.13.3.rel1.win32_1.0.0.202411081344/tools/bin/../lib/gcc/arm-none-eabi/13.3.1/../../../../arm-none-eabi/lib/thumb/v7-m/nofp\libnosys.a
END GROUP
LOAD C:/ST/STM32CubeIDE_1.19.0/STM32CubeIDE/plugins/com.st.stm32cube.ide.mcu.externaltools.gnu-tools-for-stm32.13.3.rel1.win32_1.0.0.202411081344/tools/bin/../lib/gcc/arm-none-eabi/13.3.1/thumb/v7-m/nofp/crtend.o
LOAD C:/ST/STM32CubeIDE_1.19.0/STM32CubeIDE/plugins/com.st.stm32cube.ide.mcu.externaltools.gnu-tools-for-stm32.13.3.rel1.win32_1.0.0.202411081344/tools/bin/../lib/gcc/arm-none-eabi/13.3.1/thumb/v7-m/nofp/crtn.o
                0x20005000                        _estack = (ORIGIN (RAM) + LENGTH (RAM))
                0x00000200                        _Min_Heap_Size = 0x200
                0x00000400                        _Min_Stack_Size = 0x400

.isr_vector     0x08000000      0x10c
                0x08000000                        . = ALIGN (0x4)
 *(.isr_vector)
 .isr_vector    0x08000000      0x10c ./Core/Startup/startup_stm32f103c8tx.o
                0x08000000                g_pfnVectors
                0x0800010c                        . = ALIGN (0x4)

.text           0x08000110     0xc458
                0x08000110                        . = ALIGN (0x4)
 *(.text)
 .text          0x08000110       0x40 C:/ST/STM32CubeIDE_1.19.0/STM32CubeIDE/plugins/com.st.stm32cube.ide.mcu.externaltools.gnu-tools-for-stm32.13.3.rel1.win32_1.0.0.202411081344/tools/bin/../lib/gcc/arm-none-eabi/13.3.1/thumb/v7-m/nofp/crtbegin.o
 .text          0x08000150       0x10 C:/ST/STM32CubeIDE_1.19.0/STM32CubeIDE/plugins/com.st.stm32cube.ide.mcu.externaltools.gnu-tools-for-stm32.13.3.rel1.win32_1.0.0.202411081344/tools/bin/../lib/gcc/arm-none-eabi/13.3.1/../../../../arm-none-eabi/lib/thumb/v7-m/nofp\libc_nano.a(libc_a-strlen.o)
                0x08000150                strlen
 .text          0x08000160      0x378 C:/ST/STM32CubeIDE_1.19.0/STM32CubeIDE/plugins/com.st.stm32cube.ide.mcu.externaltools.gnu-tools-for-stm32.13.3.rel1.win32_1.0.0.202411081344/tools/bin/../lib/gcc/arm-none-eabi/13.3.1/thumb/v7-m/nofp\libgcc.a(_arm_addsubdf3.o)
                0x08000160                __aeabi_drsub
                0x08000168                __aeabi_dsub
                0x08000168                __subdf3
                0x0800016c                __aeabi_dadd
                0x0800016c                __adddf3
                0x080003e4                __floatunsidf
                0x080003e4                __aeabi_ui2d
                0x08000404                __floatsidf
                0x08000404                __aeabi_i2d
                0x08000428                __aeabi_f2d
                0x08000428                __extendsfdf2
                0x0800046c                __floatundidf
                0x0800046c                __aeabi_ul2d
                0x0800047c                __floatdidf
                0x0800047c                __aeabi_l2d
 .text          0x080004d8      0x424 C:/ST/STM32CubeIDE_1.19.0/STM32CubeIDE/plugins/com.st.stm32cube.ide.mcu.externaltools.gnu-tools-for-stm32.13.3.rel1.win32_1.0.0.202411081344/tools/bin/../lib/gcc/arm-none-eabi/13.3.1/thumb/v7-m/nofp\libgcc.a(_arm_muldivdf3.o)
                0x080004d8                __aeabi_dmul
                0x080004d8                __muldf3
                0x0800072c                __divdf3
                0x0800072c                __aeabi_ddiv
 .text          0x080008fc      0x110 C:/ST/STM32CubeIDE_1.19.0/STM32CubeIDE/plugins/com.st.stm32cube.ide.mcu.externaltools.gnu-tools-for-stm32.13.3.rel1.win32_1.0.0.202411081344/tools/bin/../lib/gcc/arm-none-eabi/13.3.1/thumb/v7-m/nofp\libgcc.a(_arm_cmpdf2.o)
                0x080008fc                __gtdf2
                0x080008fc                __gedf2
                0x08000904                __ltdf2
                0x08000904                __ledf2
                0x0800090c                __nedf2
                0x0800090c                __eqdf2
                0x0800090c                __cmpdf2
                0x08000988                __aeabi_cdrcmple
                0x08000998                __aeabi_cdcmpeq
                0x08000998                __aeabi_cdcmple
                0x080009a8                __aeabi_dcmpeq
                0x080009bc                __aeabi_dcmplt
                0x080009d0                __aeabi_dcmple
                0x080009e4                __aeabi_dcmpge
                0x080009f8                __aeabi_dcmpgt
 .text          0x08000a0c       0x2c C:/ST/STM32CubeIDE_1.19.0/STM32CubeIDE/plugins/com.st.stm32cube.ide.mcu.externaltools.gnu-tools-for-stm32.13.3.rel1.win32_1.0.0.202411081344/tools/bin/../lib/gcc/arm-none-eabi/13.3.1/thumb/v7-m/nofp\libgcc.a(_arm_unorddf2.o)
                0x08000a0c                __unorddf2
                0x08000a0c                __aeabi_dcmpun
 .text          0x08000a38       0x40 C:/ST/STM32CubeIDE_1.19.0/STM32CubeIDE/plugins/com.st.stm32cube.ide.mcu.externaltools.gnu-tools-for-stm32.13.3.rel1.win32_1.0.0.202411081344/tools/bin/../lib/gcc/arm-none-eabi/13.3.1/thumb/v7-m/nofp\libgcc.a(_arm_fixunsdfsi.o)
                0x08000a38                __aeabi_d2uiz
                0x08000a38                __fixunsdfsi
 .text          0x08000a78       0xa0 C:/ST/STM32CubeIDE_1.19.0/STM32CubeIDE/plugins/com.st.stm32cube.ide.mcu.externaltools.gnu-tools-for-stm32.13.3.rel1.win32_1.0.0.202411081344/tools/bin/../lib/gcc/arm-none-eabi/13.3.1/thumb/v7-m/nofp\libgcc.a(_arm_truncdfsf2.o)
                0x08000a78                __truncdfsf2
                0x08000a78                __aeabi_d2f
 .text          0x08000b18      0x21c C:/ST/STM32CubeIDE_1.19.0/STM32CubeIDE/plugins/com.st.stm32cube.ide.mcu.externaltools.gnu-tools-for-stm32.13.3.rel1.win32_1.0.0.202411081344/tools/bin/../lib/gcc/arm-none-eabi/13.3.1/thumb/v7-m/nofp\libgcc.a(_arm_addsubsf3.o)
                0x08000b18                __aeabi_frsub
                0x08000b20                __subsf3
                0x08000b20                __aeabi_fsub
                0x08000b24                __aeabi_fadd
                0x08000b24                __addsf3
                0x08000c84                __aeabi_ui2f
                0x08000c84                __floatunsisf
                0x08000c8c                __aeabi_i2f
                0x08000c8c                __floatsisf
                0x08000ca8                __aeabi_ul2f
                0x08000ca8                __floatundisf
                0x08000cb8                __aeabi_l2f
                0x08000cb8                __floatdisf
 .text          0x08000d34      0x2a0 C:/ST/STM32CubeIDE_1.19.0/STM32CubeIDE/plugins/com.st.stm32cube.ide.mcu.externaltools.gnu-tools-for-stm32.13.3.rel1.win32_1.0.0.202411081344/tools/bin/../lib/gcc/arm-none-eabi/13.3.1/thumb/v7-m/nofp\libgcc.a(_arm_muldivsf3.o)
                0x08000d34                __mulsf3
                0x08000d34                __aeabi_fmul
                0x08000e9c                __aeabi_fdiv
                0x08000e9c                __divsf3
 .text          0x08000fd4       0xec C:/ST/STM32CubeIDE_1.19.0/STM32CubeIDE/plugins/com.st.stm32cube.ide.mcu.externaltools.gnu-tools-for-stm32.13.3.rel1.win32_1.0.0.202411081344/tools/bin/../lib/gcc/arm-none-eabi/13.3.1/thumb/v7-m/nofp\libgcc.a(_arm_cmpsf2.o)
                0x08000fd4                __gesf2
                0x08000fd4                __gtsf2
                0x08000fdc                __lesf2
                0x08000fdc                __ltsf2
                0x08000fe4                __nesf2
                0x08000fe4                __eqsf2
                0x08000fe4                __cmpsf2
                0x08001044                __aeabi_cfrcmple
                0x0800104c                __aeabi_cfcmpeq
                0x0800104c                __aeabi_cfcmple
                0x0800105c                __aeabi_fcmpeq
                0x08001070                __aeabi_fcmplt
                0x08001084                __aeabi_fcmple
                0x08001098                __aeabi_fcmpge
                0x080010ac                __aeabi_fcmpgt
 .text          0x080010c0       0x4c C:/ST/STM32CubeIDE_1.19.0/STM32CubeIDE/plugins/com.st.stm32cube.ide.mcu.externaltools.gnu-tools-for-stm32.13.3.rel1.win32_1.0.0.202411081344/tools/bin/../lib/gcc/arm-none-eabi/13.3.1/thumb/v7-m/nofp\libgcc.a(_arm_fixsfsi.o)
                0x080010c0                __aeabi_f2iz
                0x080010c0                __fixsfsi
 .text          0x0800110c       0x40 C:/ST/STM32CubeIDE_1.19.0/STM32CubeIDE/plugins/com.st.stm32cube.ide.mcu.externaltools.gnu-tools-for-stm32.13.3.rel1.win32_1.0.0.202411081344/tools/bin/../lib/gcc/arm-none-eabi/13.3.1/thumb/v7-m/nofp\libgcc.a(_arm_fixunssfsi.o)
                0x0800110c                __fixunssfsi
                0x0800110c                __aeabi_f2uiz
 .text          0x0800114c       0xa0 C:/ST/STM32CubeIDE_1.19.0/STM32CubeIDE/plugins/com.st.stm32cube.ide.mcu.externaltools.gnu-tools-for-stm32.13.3.rel1.win32_1.0.0.202411081344/tools/bin/../lib/gcc/arm-none-eabi/13.3.1/thumb/v7-m/nofp\libgcc.a(_aeabi_ldivmod.o)
                0x0800114c                __aeabi_ldivmod
 .text          0x080011ec       0x28 C:/ST/STM32CubeIDE_1.19.0/STM32CubeIDE/plugins/com.st.stm32cube.ide.mcu.externaltools.gnu-tools-for-stm32.13.3.rel1.win32_1.0.0.202411081344/tools/bin/../lib/gcc/arm-none-eabi/13.3.1/thumb/v7-m/nofp\libgcc.a(_fixsfdi.o)
                0x080011ec                __fixsfdi
                0x080011ec                __aeabi_f2lz
 .text          0x08001214       0x40 C:/ST/STM32CubeIDE_1.19.0/STM32CubeIDE/plugins/com.st.stm32cube.ide.mcu.externaltools.gnu-tools-for-stm32.13.3.rel1.win32_1.0.0.202411081344/tools/bin/../lib/gcc/arm-none-eabi/13.3.1/thumb/v7-m/nofp\libgcc.a(_fixunssfdi.o)
                0x08001214                __fixunssfdi
                0x08001214                __aeabi_f2ulz
 .text          0x08001254      0x300 C:/ST/STM32CubeIDE_1.19.0/STM32CubeIDE/plugins/com.st.stm32cube.ide.mcu.externaltools.gnu-tools-for-stm32.13.3.rel1.win32_1.0.0.202411081344/tools/bin/../lib/gcc/arm-none-eabi/13.3.1/thumb/v7-m/nofp\libgcc.a(_udivmoddi4.o)
                0x08001254                __udivmoddi4
 .text          0x08001554        0x4 C:/ST/STM32CubeIDE_1.19.0/STM32CubeIDE/plugins/com.st.stm32cube.ide.mcu.externaltools.gnu-tools-for-stm32.13.3.rel1.win32_1.0.0.202411081344/tools/bin/../lib/gcc/arm-none-eabi/13.3.1/thumb/v7-m/nofp\libgcc.a(_dvmd_tls.o)
                0x08001554                __aeabi_idiv0
                0x08001554                __aeabi_ldiv0
 *(.text*)
 .text.IIC_Delay
                0x08001558       0x24 ./Core/Src/IIC.o
 .text.IIC_Start
                0x0800157c       0x40 ./Core/Src/IIC.o
                0x0800157c                IIC_Start
 .text.IIC_Stop
                0x080015bc       0x30 ./Core/Src/IIC.o
                0x080015bc                IIC_Stop
 .text.IIC_Send_Byte
                0x080015ec       0x80 ./Core/Src/IIC.o
                0x080015ec                IIC_Send_Byte
 .text.IIC_Read_Byte
                0x0800166c       0x74 ./Core/Src/IIC.o
                0x0800166c                IIC_Read_Byte
 .text.IIC_Wait_Ack
                0x080016e0       0x58 ./Core/Src/IIC.o
                0x080016e0                IIC_Wait_Ack
 .text.IIC_Ack  0x08001738       0x40 ./Core/Src/IIC.o
                0x08001738                IIC_Ack
 .text.IIC_NAck
                0x08001778       0x38 ./Core/Src/IIC.o
                0x08001778                IIC_NAck
 .text.IIC_GPIO_Init
                0x080017b0       0x4c ./Core/Src/IIC.o
                0x080017b0                IIC_GPIO_Init
 .text.Read_Encoder
                0x080017fc       0x2a ./Core/Src/encoder.o
                0x080017fc                Read_Encoder
 *fill*         0x08001826        0x2 
 .text.py_f2s4printf
                0x08001828      0x234 ./Core/Src/float.o
                0x08001828                py_f2s4printf
 .text.my_sprintf
                0x08001a5c       0x38 ./Core/Src/float.o
                0x08001a5c                my_sprintf
 .text.MX_GPIO_Init
                0x08001a94      0x120 ./Core/Src/gpio.o
                0x08001a94                MX_GPIO_Init
 .text.MX_I2C1_Init
                0x08001bb4       0x5c ./Core/Src/i2c.o
                0x08001bb4                MX_I2C1_Init
 .text.HAL_I2C_MspInit
                0x08001c10       0xa0 ./Core/Src/i2c.o
                0x08001c10                HAL_I2C_MspInit
 .text.set_int_enable
                0x08001cb0       0xb4 ./Core/Src/inv_mpu.o
 .text.mpu_init
                0x08001d64      0x208 ./Core/Src/inv_mpu.o
                0x08001d64                mpu_init
 .text.mpu_lp_accel_mode
                0x08001f6c       0xfc ./Core/Src/inv_mpu.o
                0x08001f6c                mpu_lp_accel_mode
 .text.mpu_reset_fifo
                0x08002068      0x208 ./Core/Src/inv_mpu.o
                0x08002068                mpu_reset_fifo
 .text.mpu_get_gyro_fsr
                0x08002270       0x68 ./Core/Src/inv_mpu.o
                0x08002270                mpu_get_gyro_fsr
 .text.mpu_set_gyro_fsr
                0x080022d8       0xa8 ./Core/Src/inv_mpu.o
                0x080022d8                mpu_set_gyro_fsr
 .text.mpu_get_accel_fsr
                0x08002380       0x74 ./Core/Src/inv_mpu.o
                0x08002380                mpu_get_accel_fsr
 .text.mpu_set_accel_fsr
                0x080023f4       0xd0 ./Core/Src/inv_mpu.o
                0x080023f4                mpu_set_accel_fsr
 .text.mpu_get_lpf
                0x080024c4       0x78 ./Core/Src/inv_mpu.o
                0x080024c4                mpu_get_lpf
 .text.mpu_set_lpf
                0x0800253c       0x9c ./Core/Src/inv_mpu.o
                0x0800253c                mpu_set_lpf
 .text.mpu_get_sample_rate
                0x080025d8       0x30 ./Core/Src/inv_mpu.o
                0x080025d8                mpu_get_sample_rate
 .text.mpu_set_sample_rate
                0x08002608       0xcc ./Core/Src/inv_mpu.o
                0x08002608                mpu_set_sample_rate
 .text.mpu_get_gyro_sens
                0x080026d4       0x70 ./Core/Src/inv_mpu.o
                0x080026d4                mpu_get_gyro_sens
 .text.mpu_get_accel_sens
                0x08002744       0x7c ./Core/Src/inv_mpu.o
                0x08002744                mpu_get_accel_sens
 .text.mpu_get_fifo_config
                0x080027c0       0x20 ./Core/Src/inv_mpu.o
                0x080027c0                mpu_get_fifo_config
 .text.mpu_configure_fifo
                0x080027e0       0xa4 ./Core/Src/inv_mpu.o
                0x080027e0                mpu_configure_fifo
 .text.mpu_set_sensors
                0x08002884      0x10c ./Core/Src/inv_mpu.o
                0x08002884                mpu_set_sensors
 .text.mpu_read_fifo_stream
                0x08002990      0x100 ./Core/Src/inv_mpu.o
                0x08002990                mpu_read_fifo_stream
 .text.mpu_set_bypass
                0x08002a90      0x18c ./Core/Src/inv_mpu.o
                0x08002a90                mpu_set_bypass
 .text.mpu_set_int_latched
                0x08002c1c       0x88 ./Core/Src/inv_mpu.o
                0x08002c1c                mpu_set_int_latched
 .text.get_accel_prod_shift
                0x08002ca4      0x118 ./Core/Src/inv_mpu.o
 .text.accel_self_test
                0x08002dbc      0x108 ./Core/Src/inv_mpu.o
 .text.gyro_self_test
                0x08002ec4      0x178 ./Core/Src/inv_mpu.o
 .text.get_st_biases
                0x0800303c      0x6f4 ./Core/Src/inv_mpu.o
 .text.mpu_run_self_test
                0x08003730      0x1a8 ./Core/Src/inv_mpu.o
                0x08003730                mpu_run_self_test
 .text.mpu_write_mem
                0x080038d8       0xa4 ./Core/Src/inv_mpu.o
                0x080038d8                mpu_write_mem
 .text.mpu_read_mem
                0x0800397c       0xa4 ./Core/Src/inv_mpu.o
                0x0800397c                mpu_read_mem
 .text.mpu_load_firmware
                0x08003a20       0xfc ./Core/Src/inv_mpu.o
                0x08003a20                mpu_load_firmware
 .text.mpu_set_dmp_state
                0x08003b1c       0xa8 ./Core/Src/inv_mpu.o
                0x08003b1c                mpu_set_dmp_state
 .text.run_self_test
                0x08003bc4       0xd0 ./Core/Src/inv_mpu.o
                0x08003bc4                run_self_test
 .text.inv_orientation_matrix_to_scalar
                0x08003c94       0x50 ./Core/Src/inv_mpu.o
                0x08003c94                inv_orientation_matrix_to_scalar
 .text.inv_row_2_scale
                0x08003ce4       0x80 ./Core/Src/inv_mpu.o
                0x08003ce4                inv_row_2_scale
 .text.mget_ms  0x08003d64       0x12 ./Core/Src/inv_mpu.o
                0x08003d64                mget_ms
 *fill*         0x08003d76        0x2 
 .text.mpu_dmp_init
                0x08003d78       0xdc ./Core/Src/inv_mpu.o
                0x08003d78                mpu_dmp_init
 *fill*         0x08003e54        0x4 
 .text.mpu_dmp_get_data
                0x08003e58      0x2a0 ./Core/Src/inv_mpu.o
                0x08003e58                mpu_dmp_get_data
 .text.dmp_load_motion_driver_firmware
                0x080040f8       0x20 ./Core/Src/inv_mpu_dmp_motion_driver.o
                0x080040f8                dmp_load_motion_driver_firmware
 .text.dmp_set_orientation
                0x08004118      0x1d8 ./Core/Src/inv_mpu_dmp_motion_driver.o
                0x08004118                dmp_set_orientation
 .text.dmp_set_gyro_bias
                0x080042f0      0x214 ./Core/Src/inv_mpu_dmp_motion_driver.o
                0x080042f0                dmp_set_gyro_bias
 .text.dmp_set_accel_bias
                0x08004504      0x208 ./Core/Src/inv_mpu_dmp_motion_driver.o
                0x08004504                dmp_set_accel_bias
 .text.dmp_set_fifo_rate
                0x0800470c       0x90 ./Core/Src/inv_mpu_dmp_motion_driver.o
                0x0800470c                dmp_set_fifo_rate
 .text.dmp_set_tap_thresh
                0x0800479c      0x254 ./Core/Src/inv_mpu_dmp_motion_driver.o
                0x0800479c                dmp_set_tap_thresh
 .text.dmp_set_tap_axes
                0x080049f0       0x64 ./Core/Src/inv_mpu_dmp_motion_driver.o
                0x080049f0                dmp_set_tap_axes
 .text.dmp_set_tap_count
                0x08004a54       0x42 ./Core/Src/inv_mpu_dmp_motion_driver.o
                0x08004a54                dmp_set_tap_count
 *fill*         0x08004a96        0x2 
 .text.dmp_set_tap_time
                0x08004a98       0x44 ./Core/Src/inv_mpu_dmp_motion_driver.o
                0x08004a98                dmp_set_tap_time
 .text.dmp_set_tap_time_multi
                0x08004adc       0x44 ./Core/Src/inv_mpu_dmp_motion_driver.o
                0x08004adc                dmp_set_tap_time_multi
 .text.dmp_set_shake_reject_thresh
                0x08004b20       0x60 ./Core/Src/inv_mpu_dmp_motion_driver.o
                0x08004b20                dmp_set_shake_reject_thresh
 .text.dmp_set_shake_reject_time
                0x08004b80       0x44 ./Core/Src/inv_mpu_dmp_motion_driver.o
                0x08004b80                dmp_set_shake_reject_time
 .text.dmp_set_shake_reject_timeout
                0x08004bc4       0x44 ./Core/Src/inv_mpu_dmp_motion_driver.o
                0x08004bc4                dmp_set_shake_reject_timeout
 .text.dmp_enable_feature
                0x08004c08      0x250 ./Core/Src/inv_mpu_dmp_motion_driver.o
                0x08004c08                dmp_enable_feature
 .text.dmp_enable_gyro_cal
                0x08004e58       0x60 ./Core/Src/inv_mpu_dmp_motion_driver.o
                0x08004e58                dmp_enable_gyro_cal
 .text.dmp_enable_lp_quat
                0x08004eb8       0x4e ./Core/Src/inv_mpu_dmp_motion_driver.o
                0x08004eb8                dmp_enable_lp_quat
 .text.dmp_enable_6x_lp_quat
                0x08004f06       0x4e ./Core/Src/inv_mpu_dmp_motion_driver.o
                0x08004f06                dmp_enable_6x_lp_quat
 .text.decode_gesture
                0x08004f54       0x88 ./Core/Src/inv_mpu_dmp_motion_driver.o
 .text.dmp_read_fifo
                0x08004fdc      0x2e4 ./Core/Src/inv_mpu_dmp_motion_driver.o
                0x08004fdc                dmp_read_fifo
 .text.HAL_UART_RxCpltCallback
                0x080052c0       0x5c ./Core/Src/main.o
                0x080052c0                HAL_UART_RxCpltCallback
 .text.main     0x0800531c       0x54 ./Core/Src/main.o
                0x0800531c                main
 .text.SystemClock_Config
                0x08005370       0x8a ./Core/Src/main.o
                0x08005370                SystemClock_Config
 *fill*         0x080053fa        0x2 
 .text.Project_Init
                0x080053fc       0x7c ./Core/Src/main.o
                0x080053fc                Project_Init
 .text.OLED_PRINT
                0x08005478       0xb4 ./Core/Src/main.o
                0x08005478                OLED_PRINT
 .text.Error_Handler
                0x0800552c        0xc ./Core/Src/main.o
                0x0800552c                Error_Handler
 .text.Motor_Start
                0x08005538       0xac ./Core/Src/motor.o
                0x08005538                Motor_Start
 .text.Limit    0x080055e4       0x54 ./Core/Src/motor.o
                0x080055e4                Limit
 .text.MPU_Init
                0x08005638       0x86 ./Core/Src/mpu6050.o
                0x08005638                MPU_Init
 .text.MPU_Set_Gyro_Fsr
                0x080056be       0x22 ./Core/Src/mpu6050.o
                0x080056be                MPU_Set_Gyro_Fsr
 .text.MPU_Set_Accel_Fsr
                0x080056e0       0x22 ./Core/Src/mpu6050.o
                0x080056e0                MPU_Set_Accel_Fsr
 .text.MPU_Set_LPF
                0x08005702       0x62 ./Core/Src/mpu6050.o
                0x08005702                MPU_Set_LPF
 .text.MPU_Set_Rate
                0x08005764       0x56 ./Core/Src/mpu6050.o
                0x08005764                MPU_Set_Rate
 .text.MPU_Get_Gyroscope
                0x080057ba       0x6a ./Core/Src/mpu6050.o
                0x080057ba                MPU_Get_Gyroscope
 .text.MPU_Get_Accelerometer
                0x08005824       0x6a ./Core/Src/mpu6050.o
                0x08005824                MPU_Get_Accelerometer
 .text.MPU_Write_Len
                0x0800588e       0x84 ./Core/Src/mpu6050.o
                0x0800588e                MPU_Write_Len
 .text.MPU_Read_Len
                0x08005912       0xa6 ./Core/Src/mpu6050.o
                0x08005912                MPU_Read_Len
 .text.MPU_Write_Byte
                0x080059b8       0x60 ./Core/Src/mpu6050.o
                0x080059b8                MPU_Write_Byte
 .text.MPU_Read_Byte
                0x08005a18       0x4a ./Core/Src/mpu6050.o
                0x08005a18                MPU_Read_Byte
 *fill*         0x08005a62        0x2 
 .text.OLED_Send
                0x08005a64       0x2c ./Core/Src/oled.o
                0x08005a64                OLED_Send
 .text.OLED_SendCmd
                0x08005a90       0x24 ./Core/Src/oled.o
                0x08005a90                OLED_SendCmd
 .text.OLED_Init
                0x08005ab4       0xb8 ./Core/Src/oled.o
                0x08005ab4                OLED_Init
 .text.OLED_NewFrame
                0x08005b6c       0x18 ./Core/Src/oled.o
                0x08005b6c                OLED_NewFrame
 .text.OLED_ShowFrame
                0x08005b84       0x68 ./Core/Src/oled.o
                0x08005b84                OLED_ShowFrame
 .text.OLED_SetByte_Fine
                0x08005bec       0xf8 ./Core/Src/oled.o
                0x08005bec                OLED_SetByte_Fine
 .text.OLED_SetBits_Fine
                0x08005ce4       0xbe ./Core/Src/oled.o
                0x08005ce4                OLED_SetBits_Fine
 .text.OLED_SetBits
                0x08005da2       0x82 ./Core/Src/oled.o
                0x08005da2                OLED_SetBits
 .text.OLED_SetBlock
                0x08005e24       0xe2 ./Core/Src/oled.o
                0x08005e24                OLED_SetBlock
 .text.OLED_PrintASCIIChar
                0x08005f06       0x5e ./Core/Src/oled.o
                0x08005f06                OLED_PrintASCIIChar
 .text._OLED_GetUTF8Len
                0x08005f64       0x52 ./Core/Src/oled.o
                0x08005f64                _OLED_GetUTF8Len
 .text.OLED_PrintString
                0x08005fb6      0x14c ./Core/Src/oled.o
                0x08005fb6                OLED_PrintString
 .text.Vertical
                0x08006102       0x52 ./Core/Src/pid.o
                0x08006102                Vertical
 .text.Speed    0x08006154       0xd4 ./Core/Src/pid.o
                0x08006154                Speed
 .text.Turn     0x08006228       0x42 ./Core/Src/pid.o
                0x08006228                Turn
 *fill*         0x0800626a        0x2 
 .text.Control  0x0800626c      0x150 ./Core/Src/pid.o
                0x0800626c                Control
 .text.Delay_us
                0x080063bc       0x2c ./Core/Src/sr04.o
                0x080063bc                Delay_us
 .text.Get_Distance
                0x080063e8       0x28 ./Core/Src/sr04.o
                0x080063e8                Get_Distance
 .text.HAL_GPIO_EXTI_Callback
                0x08006410       0x98 ./Core/Src/sr04.o
                0x08006410                HAL_GPIO_EXTI_Callback
 .text.HAL_MspInit
                0x080064a8       0x64 ./Core/Src/stm32f1xx_hal_msp.o
                0x080064a8                HAL_MspInit
 .text.NMI_Handler
                0x0800650c        0x8 ./Core/Src/stm32f1xx_it.o
                0x0800650c                NMI_Handler
 .text.HardFault_Handler
                0x08006514        0x8 ./Core/Src/stm32f1xx_it.o
                0x08006514                HardFault_Handler
 .text.MemManage_Handler
                0x0800651c        0x8 ./Core/Src/stm32f1xx_it.o
                0x0800651c                MemManage_Handler
 .text.BusFault_Handler
                0x08006524        0x8 ./Core/Src/stm32f1xx_it.o
                0x08006524                BusFault_Handler
 .text.UsageFault_Handler
                0x0800652c        0x8 ./Core/Src/stm32f1xx_it.o
                0x0800652c                UsageFault_Handler
 .text.SVC_Handler
                0x08006534        0xc ./Core/Src/stm32f1xx_it.o
                0x08006534                SVC_Handler
 .text.DebugMon_Handler
                0x08006540        0xc ./Core/Src/stm32f1xx_it.o
                0x08006540                DebugMon_Handler
 .text.PendSV_Handler
                0x0800654c        0xc ./Core/Src/stm32f1xx_it.o
                0x0800654c                PendSV_Handler
 .text.SysTick_Handler
                0x08006558        0xc ./Core/Src/stm32f1xx_it.o
                0x08006558                SysTick_Handler
 .text.EXTI2_IRQHandler
                0x08006564        0xe ./Core/Src/stm32f1xx_it.o
                0x08006564                EXTI2_IRQHandler
 .text.EXTI9_5_IRQHandler
                0x08006572        0xe ./Core/Src/stm32f1xx_it.o
                0x08006572                EXTI9_5_IRQHandler
 .text.TIM3_IRQHandler
                0x08006580       0x14 ./Core/Src/stm32f1xx_it.o
                0x08006580                TIM3_IRQHandler
 .text.USART3_IRQHandler
                0x08006594       0x14 ./Core/Src/stm32f1xx_it.o
                0x08006594                USART3_IRQHandler
 .text._sbrk    0x080065a8       0x6c ./Core/Src/sysmem.o
                0x080065a8                _sbrk
 .text.SystemInit
                0x08006614        0xc ./Core/Src/system_stm32f1xx.o
                0x08006614                SystemInit
 .text.MX_TIM1_Init
                0x08006620      0x11c ./Core/Src/tim.o
                0x08006620                MX_TIM1_Init
 .text.MX_TIM2_Init
                0x0800673c       0xa8 ./Core/Src/tim.o
                0x0800673c                MX_TIM2_Init
 .text.MX_TIM3_Init
                0x080067e4       0x9c ./Core/Src/tim.o
                0x080067e4                MX_TIM3_Init
 .text.MX_TIM4_Init
                0x08006880       0xa8 ./Core/Src/tim.o
                0x08006880                MX_TIM4_Init
 .text.HAL_TIM_PWM_MspInit
                0x08006928       0x3c ./Core/Src/tim.o
                0x08006928                HAL_TIM_PWM_MspInit
 .text.HAL_TIM_Encoder_MspInit
                0x08006964       0xd4 ./Core/Src/tim.o
                0x08006964                HAL_TIM_Encoder_MspInit
 .text.HAL_TIM_Base_MspInit
                0x08006a38       0x4c ./Core/Src/tim.o
                0x08006a38                HAL_TIM_Base_MspInit
 .text.HAL_TIM_MspPostInit
                0x08006a84       0x68 ./Core/Src/tim.o
                0x08006a84                HAL_TIM_MspPostInit
 .text.MX_USART3_UART_Init
                0x08006aec       0x54 ./Core/Src/usart.o
                0x08006aec                MX_USART3_UART_Init
 .text.HAL_UART_MspInit
                0x08006b40       0xa8 ./Core/Src/usart.o
                0x08006b40                HAL_UART_MspInit
 .text.Reset_Handler
                0x08006be8       0x48 ./Core/Startup/startup_stm32f103c8tx.o
                0x08006be8                Reset_Handler
 .text.Default_Handler
                0x08006c30        0x2 ./Core/Startup/startup_stm32f103c8tx.o
                0x08006c30                RTC_Alarm_IRQHandler
                0x08006c30                TIM1_CC_IRQHandler
                0x08006c30                PVD_IRQHandler
                0x08006c30                EXTI3_IRQHandler
                0x08006c30                EXTI0_IRQHandler
                0x08006c30                I2C2_EV_IRQHandler
                0x08006c30                ADC1_2_IRQHandler
                0x08006c30                SPI1_IRQHandler
                0x08006c30                TAMPER_IRQHandler
                0x08006c30                DMA1_Channel4_IRQHandler
                0x08006c30                RTC_IRQHandler
                0x08006c30                DMA1_Channel7_IRQHandler
                0x08006c30                CAN1_RX1_IRQHandler
                0x08006c30                TIM4_IRQHandler
                0x08006c30                I2C1_EV_IRQHandler
                0x08006c30                DMA1_Channel6_IRQHandler
                0x08006c30                RCC_IRQHandler
                0x08006c30                TIM1_TRG_COM_IRQHandler
                0x08006c30                DMA1_Channel1_IRQHandler
                0x08006c30                Default_Handler
                0x08006c30                EXTI15_10_IRQHandler
                0x08006c30                SPI2_IRQHandler
                0x08006c30                DMA1_Channel5_IRQHandler
                0x08006c30                EXTI4_IRQHandler
                0x08006c30                USB_LP_CAN1_RX0_IRQHandler
                0x08006c30                USB_HP_CAN1_TX_IRQHandler
                0x08006c30                DMA1_Channel3_IRQHandler
                0x08006c30                TIM1_UP_IRQHandler
                0x08006c30                WWDG_IRQHandler
                0x08006c30                TIM2_IRQHandler
                0x08006c30                TIM1_BRK_IRQHandler
                0x08006c30                EXTI1_IRQHandler
                0x08006c30                USART2_IRQHandler
                0x08006c30                I2C2_ER_IRQHandler
                0x08006c30                DMA1_Channel2_IRQHandler
                0x08006c30                CAN1_SCE_IRQHandler
                0x08006c30                FLASH_IRQHandler
                0x08006c30                USART1_IRQHandler
                0x08006c30                I2C1_ER_IRQHandler
                0x08006c30                USBWakeUp_IRQHandler
 *fill*         0x08006c32        0x2 
 .text.HAL_Init
                0x08006c34       0x2c ./Drivers/STM32F1xx_HAL_Driver/Src/stm32f1xx_hal.o
                0x08006c34                HAL_Init
 .text.HAL_InitTick
                0x08006c60       0x60 ./Drivers/STM32F1xx_HAL_Driver/Src/stm32f1xx_hal.o
                0x08006c60                HAL_InitTick
 .text.HAL_IncTick
                0x08006cc0       0x24 ./Drivers/STM32F1xx_HAL_Driver/Src/stm32f1xx_hal.o
                0x08006cc0                HAL_IncTick
 .text.HAL_GetTick
                0x08006ce4       0x14 ./Drivers/STM32F1xx_HAL_Driver/Src/stm32f1xx_hal.o
                0x08006ce4                HAL_GetTick
 .text.HAL_Delay
                0x08006cf8       0x48 ./Drivers/STM32F1xx_HAL_Driver/Src/stm32f1xx_hal.o
                0x08006cf8                HAL_Delay
 .text.__NVIC_SetPriorityGrouping
                0x08006d40       0x48 ./Drivers/STM32F1xx_HAL_Driver/Src/stm32f1xx_hal_cortex.o
 .text.__NVIC_GetPriorityGrouping
                0x08006d88       0x1c ./Drivers/STM32F1xx_HAL_Driver/Src/stm32f1xx_hal_cortex.o
 .text.__NVIC_EnableIRQ
                0x08006da4       0x38 ./Drivers/STM32F1xx_HAL_Driver/Src/stm32f1xx_hal_cortex.o
 .text.__NVIC_SetPriority
                0x08006ddc       0x54 ./Drivers/STM32F1xx_HAL_Driver/Src/stm32f1xx_hal_cortex.o
 .text.NVIC_EncodePriority
                0x08006e30       0x64 ./Drivers/STM32F1xx_HAL_Driver/Src/stm32f1xx_hal_cortex.o
 .text.SysTick_Config
                0x08006e94       0x44 ./Drivers/STM32F1xx_HAL_Driver/Src/stm32f1xx_hal_cortex.o
 .text.HAL_NVIC_SetPriorityGrouping
                0x08006ed8       0x16 ./Drivers/STM32F1xx_HAL_Driver/Src/stm32f1xx_hal_cortex.o
                0x08006ed8                HAL_NVIC_SetPriorityGrouping
 .text.HAL_NVIC_SetPriority
                0x08006eee       0x38 ./Drivers/STM32F1xx_HAL_Driver/Src/stm32f1xx_hal_cortex.o
                0x08006eee                HAL_NVIC_SetPriority
 .text.HAL_NVIC_EnableIRQ
                0x08006f26       0x1c ./Drivers/STM32F1xx_HAL_Driver/Src/stm32f1xx_hal_cortex.o
                0x08006f26                HAL_NVIC_EnableIRQ
 .text.HAL_SYSTICK_Config
                0x08006f42       0x18 ./Drivers/STM32F1xx_HAL_Driver/Src/stm32f1xx_hal_cortex.o
                0x08006f42                HAL_SYSTICK_Config
 .text.HAL_DMA_Abort
                0x08006f5a       0x76 ./Drivers/STM32F1xx_HAL_Driver/Src/stm32f1xx_hal_dma.o
                0x08006f5a                HAL_DMA_Abort
 .text.HAL_DMA_Abort_IT
                0x08006fd0       0xf0 ./Drivers/STM32F1xx_HAL_Driver/Src/stm32f1xx_hal_dma.o
                0x08006fd0                HAL_DMA_Abort_IT
 .text.HAL_GPIO_Init
                0x080070c0      0x308 ./Drivers/STM32F1xx_HAL_Driver/Src/stm32f1xx_hal_gpio.o
                0x080070c0                HAL_GPIO_Init
 .text.HAL_GPIO_ReadPin
                0x080073c8       0x2e ./Drivers/STM32F1xx_HAL_Driver/Src/stm32f1xx_hal_gpio.o
                0x080073c8                HAL_GPIO_ReadPin
 .text.HAL_GPIO_WritePin
                0x080073f6       0x30 ./Drivers/STM32F1xx_HAL_Driver/Src/stm32f1xx_hal_gpio.o
                0x080073f6                HAL_GPIO_WritePin
 *fill*         0x08007426        0x2 
 .text.HAL_GPIO_EXTI_IRQHandler
                0x08007428       0x30 ./Drivers/STM32F1xx_HAL_Driver/Src/stm32f1xx_hal_gpio.o
                0x08007428                HAL_GPIO_EXTI_IRQHandler
 .text.HAL_I2C_Init
                0x08007458      0x288 ./Drivers/STM32F1xx_HAL_Driver/Src/stm32f1xx_hal_i2c.o
                0x08007458                HAL_I2C_Init
 .text.HAL_I2C_Master_Transmit
                0x080076e0      0x1fc ./Drivers/STM32F1xx_HAL_Driver/Src/stm32f1xx_hal_i2c.o
                0x080076e0                HAL_I2C_Master_Transmit
 .text.I2C_MasterRequestWrite
                0x080078dc      0x104 ./Drivers/STM32F1xx_HAL_Driver/Src/stm32f1xx_hal_i2c.o
 .text.I2C_WaitOnFlagUntilTimeout
                0x080079e0       0xf4 ./Drivers/STM32F1xx_HAL_Driver/Src/stm32f1xx_hal_i2c.o
 .text.I2C_WaitOnMasterAddressFlagUntilTimeout
                0x08007ad4      0x140 ./Drivers/STM32F1xx_HAL_Driver/Src/stm32f1xx_hal_i2c.o
 .text.I2C_WaitOnTXEFlagUntilTimeout
                0x08007c14       0x90 ./Drivers/STM32F1xx_HAL_Driver/Src/stm32f1xx_hal_i2c.o
 .text.I2C_WaitOnBTFFlagUntilTimeout
                0x08007ca4       0x90 ./Drivers/STM32F1xx_HAL_Driver/Src/stm32f1xx_hal_i2c.o
 .text.I2C_IsAcknowledgeFailed
                0x08007d34       0x5c ./Drivers/STM32F1xx_HAL_Driver/Src/stm32f1xx_hal_i2c.o
 .text.HAL_RCC_OscConfig
                0x08007d90      0x504 ./Drivers/STM32F1xx_HAL_Driver/Src/stm32f1xx_hal_rcc.o
                0x08007d90                HAL_RCC_OscConfig
 .text.HAL_RCC_ClockConfig
                0x08008294      0x1d4 ./Drivers/STM32F1xx_HAL_Driver/Src/stm32f1xx_hal_rcc.o
                0x08008294                HAL_RCC_ClockConfig
 .text.HAL_RCC_GetSysClockFreq
                0x08008468       0xa8 ./Drivers/STM32F1xx_HAL_Driver/Src/stm32f1xx_hal_rcc.o
                0x08008468                HAL_RCC_GetSysClockFreq
 .text.HAL_RCC_GetHCLKFreq
                0x08008510       0x14 ./Drivers/STM32F1xx_HAL_Driver/Src/stm32f1xx_hal_rcc.o
                0x08008510                HAL_RCC_GetHCLKFreq
 .text.HAL_RCC_GetPCLK1Freq
                0x08008524       0x28 ./Drivers/STM32F1xx_HAL_Driver/Src/stm32f1xx_hal_rcc.o
                0x08008524                HAL_RCC_GetPCLK1Freq
 .text.HAL_RCC_GetPCLK2Freq
                0x0800854c       0x28 ./Drivers/STM32F1xx_HAL_Driver/Src/stm32f1xx_hal_rcc.o
                0x0800854c                HAL_RCC_GetPCLK2Freq
 .text.RCC_Delay
                0x08008574       0x3c ./Drivers/STM32F1xx_HAL_Driver/Src/stm32f1xx_hal_rcc.o
 .text.HAL_TIM_Base_Init
                0x080085b0       0x9e ./Drivers/STM32F1xx_HAL_Driver/Src/stm32f1xx_hal_tim.o
                0x080085b0                HAL_TIM_Base_Init
 *fill*         0x0800864e        0x2 
 .text.HAL_TIM_Base_Start
                0x08008650       0x94 ./Drivers/STM32F1xx_HAL_Driver/Src/stm32f1xx_hal_tim.o
                0x08008650                HAL_TIM_Base_Start
 .text.HAL_TIM_Base_Stop
                0x080086e4       0x4c ./Drivers/STM32F1xx_HAL_Driver/Src/stm32f1xx_hal_tim.o
                0x080086e4                HAL_TIM_Base_Stop
 .text.HAL_TIM_PWM_Init
                0x08008730       0x9e ./Drivers/STM32F1xx_HAL_Driver/Src/stm32f1xx_hal_tim.o
                0x08008730                HAL_TIM_PWM_Init
 *fill*         0x080087ce        0x2 
 .text.HAL_TIM_PWM_Start
                0x080087d0      0x144 ./Drivers/STM32F1xx_HAL_Driver/Src/stm32f1xx_hal_tim.o
                0x080087d0                HAL_TIM_PWM_Start
 .text.HAL_TIM_Encoder_Init
                0x08008914      0x144 ./Drivers/STM32F1xx_HAL_Driver/Src/stm32f1xx_hal_tim.o
                0x08008914                HAL_TIM_Encoder_Init
 .text.HAL_TIM_Encoder_Start
                0x08008a58      0x11c ./Drivers/STM32F1xx_HAL_Driver/Src/stm32f1xx_hal_tim.o
                0x08008a58                HAL_TIM_Encoder_Start
 .text.HAL_TIM_IRQHandler
                0x08008b74      0x1e0 ./Drivers/STM32F1xx_HAL_Driver/Src/stm32f1xx_hal_tim.o
                0x08008b74                HAL_TIM_IRQHandler
 .text.HAL_TIM_PWM_ConfigChannel
                0x08008d54      0x184 ./Drivers/STM32F1xx_HAL_Driver/Src/stm32f1xx_hal_tim.o
                0x08008d54                HAL_TIM_PWM_ConfigChannel
 .text.HAL_TIM_ConfigClockSource
                0x08008ed8      0x18e ./Drivers/STM32F1xx_HAL_Driver/Src/stm32f1xx_hal_tim.o
                0x08008ed8                HAL_TIM_ConfigClockSource
 .text.HAL_TIM_PeriodElapsedCallback
                0x08009066       0x12 ./Drivers/STM32F1xx_HAL_Driver/Src/stm32f1xx_hal_tim.o
                0x08009066                HAL_TIM_PeriodElapsedCallback
 .text.HAL_TIM_OC_DelayElapsedCallback
                0x08009078       0x12 ./Drivers/STM32F1xx_HAL_Driver/Src/stm32f1xx_hal_tim.o
                0x08009078                HAL_TIM_OC_DelayElapsedCallback
 .text.HAL_TIM_IC_CaptureCallback
                0x0800908a       0x12 ./Drivers/STM32F1xx_HAL_Driver/Src/stm32f1xx_hal_tim.o
                0x0800908a                HAL_TIM_IC_CaptureCallback
 .text.HAL_TIM_PWM_PulseFinishedCallback
                0x0800909c       0x12 ./Drivers/STM32F1xx_HAL_Driver/Src/stm32f1xx_hal_tim.o
                0x0800909c                HAL_TIM_PWM_PulseFinishedCallback
 .text.HAL_TIM_TriggerCallback
                0x080090ae       0x12 ./Drivers/STM32F1xx_HAL_Driver/Src/stm32f1xx_hal_tim.o
                0x080090ae                HAL_TIM_TriggerCallback
 .text.TIM_Base_SetConfig
                0x080090c0       0xdc ./Drivers/STM32F1xx_HAL_Driver/Src/stm32f1xx_hal_tim.o
                0x080090c0                TIM_Base_SetConfig
 .text.TIM_OC1_SetConfig
                0x0800919c       0xcc ./Drivers/STM32F1xx_HAL_Driver/Src/stm32f1xx_hal_tim.o
 .text.TIM_OC2_SetConfig
                0x08009268       0xd4 ./Drivers/STM32F1xx_HAL_Driver/Src/stm32f1xx_hal_tim.o
                0x08009268                TIM_OC2_SetConfig
 .text.TIM_OC3_SetConfig
                0x0800933c       0xd4 ./Drivers/STM32F1xx_HAL_Driver/Src/stm32f1xx_hal_tim.o
 .text.TIM_OC4_SetConfig
                0x08009410       0x9c ./Drivers/STM32F1xx_HAL_Driver/Src/stm32f1xx_hal_tim.o
 .text.TIM_TI1_ConfigInputStage
                0x080094ac       0x5c ./Drivers/STM32F1xx_HAL_Driver/Src/stm32f1xx_hal_tim.o
 .text.TIM_TI2_ConfigInputStage
                0x08009508       0x5e ./Drivers/STM32F1xx_HAL_Driver/Src/stm32f1xx_hal_tim.o
 .text.TIM_ITRx_SetConfig
                0x08009566       0x34 ./Drivers/STM32F1xx_HAL_Driver/Src/stm32f1xx_hal_tim.o
 .text.TIM_ETR_SetConfig
                0x0800959a       0x3e ./Drivers/STM32F1xx_HAL_Driver/Src/stm32f1xx_hal_tim.o
                0x0800959a                TIM_ETR_SetConfig
 .text.TIM_CCxChannelCmd
                0x080095d8       0x48 ./Drivers/STM32F1xx_HAL_Driver/Src/stm32f1xx_hal_tim.o
                0x080095d8                TIM_CCxChannelCmd
 .text.HAL_TIMEx_MasterConfigSynchronization
                0x08009620       0xbc ./Drivers/STM32F1xx_HAL_Driver/Src/stm32f1xx_hal_tim_ex.o
                0x08009620                HAL_TIMEx_MasterConfigSynchronization
 .text.HAL_TIMEx_ConfigBreakDeadTime
                0x080096dc       0xa2 ./Drivers/STM32F1xx_HAL_Driver/Src/stm32f1xx_hal_tim_ex.o
                0x080096dc                HAL_TIMEx_ConfigBreakDeadTime
 .text.HAL_TIMEx_CommutCallback
                0x0800977e       0x12 ./Drivers/STM32F1xx_HAL_Driver/Src/stm32f1xx_hal_tim_ex.o
                0x0800977e                HAL_TIMEx_CommutCallback
 .text.HAL_TIMEx_BreakCallback
                0x08009790       0x12 ./Drivers/STM32F1xx_HAL_Driver/Src/stm32f1xx_hal_tim_ex.o
                0x08009790                HAL_TIMEx_BreakCallback
 .text.HAL_UART_Init
                0x080097a2       0xa0 ./Drivers/STM32F1xx_HAL_Driver/Src/stm32f1xx_hal_uart.o
                0x080097a2                HAL_UART_Init
 .text.HAL_UART_Transmit
                0x08009842      0x116 ./Drivers/STM32F1xx_HAL_Driver/Src/stm32f1xx_hal_uart.o
                0x08009842                HAL_UART_Transmit
 .text.HAL_UART_Receive_IT
                0x08009958       0x4a ./Drivers/STM32F1xx_HAL_Driver/Src/stm32f1xx_hal_uart.o
                0x08009958                HAL_UART_Receive_IT
 *fill*         0x080099a2        0x2 
 .text.HAL_UART_IRQHandler
                0x080099a4      0x524 ./Drivers/STM32F1xx_HAL_Driver/Src/stm32f1xx_hal_uart.o
                0x080099a4                HAL_UART_IRQHandler
 .text.HAL_UART_TxCpltCallback
                0x08009ec8       0x12 ./Drivers/STM32F1xx_HAL_Driver/Src/stm32f1xx_hal_uart.o
                0x08009ec8                HAL_UART_TxCpltCallback
 .text.HAL_UART_ErrorCallback
                0x08009eda       0x12 ./Drivers/STM32F1xx_HAL_Driver/Src/stm32f1xx_hal_uart.o
                0x08009eda                HAL_UART_ErrorCallback
 .text.HAL_UARTEx_RxEventCallback
                0x08009eec       0x16 ./Drivers/STM32F1xx_HAL_Driver/Src/stm32f1xx_hal_uart.o
                0x08009eec                HAL_UARTEx_RxEventCallback
 .text.UART_WaitOnFlagUntilTimeout
                0x08009f02       0xb2 ./Drivers/STM32F1xx_HAL_Driver/Src/stm32f1xx_hal_uart.o
 .text.UART_Start_Receive_IT
                0x08009fb4       0x72 ./Drivers/STM32F1xx_HAL_Driver/Src/stm32f1xx_hal_uart.o
                0x08009fb4                UART_Start_Receive_IT
 .text.UART_EndRxTransfer
                0x0800a026       0xc4 ./Drivers/STM32F1xx_HAL_Driver/Src/stm32f1xx_hal_uart.o
 .text.UART_DMAAbortOnError
                0x0800a0ea       0x28 ./Drivers/STM32F1xx_HAL_Driver/Src/stm32f1xx_hal_uart.o
 .text.UART_Transmit_IT
                0x0800a112       0x9e ./Drivers/STM32F1xx_HAL_Driver/Src/stm32f1xx_hal_uart.o
 .text.UART_EndTransmit_IT
                0x0800a1b0       0x30 ./Drivers/STM32F1xx_HAL_Driver/Src/stm32f1xx_hal_uart.o
 .text.UART_Receive_IT
                0x0800a1e0      0x17c ./Drivers/STM32F1xx_HAL_Driver/Src/stm32f1xx_hal_uart.o
 .text.UART_SetConfig
                0x0800a35c      0x11c ./Drivers/STM32F1xx_HAL_Driver/Src/stm32f1xx_hal_uart.o
 .text.sprintf  0x0800a478       0x44 C:/ST/STM32CubeIDE_1.19.0/STM32CubeIDE/plugins/com.st.stm32cube.ide.mcu.externaltools.gnu-tools-for-stm32.13.3.rel1.win32_1.0.0.202411081344/tools/bin/../lib/gcc/arm-none-eabi/13.3.1/../../../../arm-none-eabi/lib/thumb/v7-m/nofp\libc_nano.a(libc_a-sprintf.o)
                0x0800a478                siprintf
                0x0800a478                sprintf
 .text.memcmp   0x0800a4bc       0x20 C:/ST/STM32CubeIDE_1.19.0/STM32CubeIDE/plugins/com.st.stm32cube.ide.mcu.externaltools.gnu-tools-for-stm32.13.3.rel1.win32_1.0.0.202411081344/tools/bin/../lib/gcc/arm-none-eabi/13.3.1/../../../../arm-none-eabi/lib/thumb/v7-m/nofp\libc_nano.a(libc_a-memcmp.o)
                0x0800a4bc                memcmp
 .text.memset   0x0800a4dc       0x10 C:/ST/STM32CubeIDE_1.19.0/STM32CubeIDE/plugins/com.st.stm32cube.ide.mcu.externaltools.gnu-tools-for-stm32.13.3.rel1.win32_1.0.0.202411081344/tools/bin/../lib/gcc/arm-none-eabi/13.3.1/../../../../arm-none-eabi/lib/thumb/v7-m/nofp\libc_nano.a(libc_a-memset.o)
                0x0800a4dc                memset
 .text.strcat   0x0800a4ec       0x1e C:/ST/STM32CubeIDE_1.19.0/STM32CubeIDE/plugins/com.st.stm32cube.ide.mcu.externaltools.gnu-tools-for-stm32.13.3.rel1.win32_1.0.0.202411081344/tools/bin/../lib/gcc/arm-none-eabi/13.3.1/../../../../arm-none-eabi/lib/thumb/v7-m/nofp\libc_nano.a(libc_a-strcat.o)
                0x0800a4ec                strcat
 *fill*         0x0800a50a        0x2 
 .text.__errno  0x0800a50c        0xc C:/ST/STM32CubeIDE_1.19.0/STM32CubeIDE/plugins/com.st.stm32cube.ide.mcu.externaltools.gnu-tools-for-stm32.13.3.rel1.win32_1.0.0.202411081344/tools/bin/../lib/gcc/arm-none-eabi/13.3.1/../../../../arm-none-eabi/lib/thumb/v7-m/nofp\libc_nano.a(libc_a-errno.o)
                0x0800a50c                __errno
 .text.__libc_init_array
                0x0800a518       0x48 C:/ST/STM32CubeIDE_1.19.0/STM32CubeIDE/plugins/com.st.stm32cube.ide.mcu.externaltools.gnu-tools-for-stm32.13.3.rel1.win32_1.0.0.202411081344/tools/bin/../lib/gcc/arm-none-eabi/13.3.1/../../../../arm-none-eabi/lib/thumb/v7-m/nofp\libc_nano.a(libc_a-init.o)
                0x0800a518                __libc_init_array
 .text.__retarget_lock_acquire_recursive
                0x0800a560        0x2 C:/ST/STM32CubeIDE_1.19.0/STM32CubeIDE/plugins/com.st.stm32cube.ide.mcu.externaltools.gnu-tools-for-stm32.13.3.rel1.win32_1.0.0.202411081344/tools/bin/../lib/gcc/arm-none-eabi/13.3.1/../../../../arm-none-eabi/lib/thumb/v7-m/nofp\libc_nano.a(libc_a-lock.o)
                0x0800a560                __retarget_lock_acquire_recursive
 .text.__retarget_lock_release_recursive
                0x0800a562        0x2 C:/ST/STM32CubeIDE_1.19.0/STM32CubeIDE/plugins/com.st.stm32cube.ide.mcu.externaltools.gnu-tools-for-stm32.13.3.rel1.win32_1.0.0.202411081344/tools/bin/../lib/gcc/arm-none-eabi/13.3.1/../../../../arm-none-eabi/lib/thumb/v7-m/nofp\libc_nano.a(libc_a-lock.o)
                0x0800a562                __retarget_lock_release_recursive
 .text.memcpy   0x0800a564       0x1c C:/ST/STM32CubeIDE_1.19.0/STM32CubeIDE/plugins/com.st.stm32cube.ide.mcu.externaltools.gnu-tools-for-stm32.13.3.rel1.win32_1.0.0.202411081344/tools/bin/../lib/gcc/arm-none-eabi/13.3.1/../../../../arm-none-eabi/lib/thumb/v7-m/nofp\libc_nano.a(libc_a-memcpy-stub.o)
                0x0800a564                memcpy
 .text._free_r  0x0800a580       0x90 C:/ST/STM32CubeIDE_1.19.0/STM32CubeIDE/plugins/com.st.stm32cube.ide.mcu.externaltools.gnu-tools-for-stm32.13.3.rel1.win32_1.0.0.202411081344/tools/bin/../lib/gcc/arm-none-eabi/13.3.1/../../../../arm-none-eabi/lib/thumb/v7-m/nofp\libc_nano.a(libc_a-freer.o)
                0x0800a580                _free_r
 .text.sbrk_aligned
                0x0800a610       0x44 C:/ST/STM32CubeIDE_1.19.0/STM32CubeIDE/plugins/com.st.stm32cube.ide.mcu.externaltools.gnu-tools-for-stm32.13.3.rel1.win32_1.0.0.202411081344/tools/bin/../lib/gcc/arm-none-eabi/13.3.1/../../../../arm-none-eabi/lib/thumb/v7-m/nofp\libc_nano.a(libc_a-mallocr.o)
 .text._malloc_r
                0x0800a654      0x100 C:/ST/STM32CubeIDE_1.19.0/STM32CubeIDE/plugins/com.st.stm32cube.ide.mcu.externaltools.gnu-tools-for-stm32.13.3.rel1.win32_1.0.0.202411081344/tools/bin/../lib/gcc/arm-none-eabi/13.3.1/../../../../arm-none-eabi/lib/thumb/v7-m/nofp\libc_nano.a(libc_a-mallocr.o)
                0x0800a654                _malloc_r
 .text.__malloc_lock
                0x0800a754        0xc C:/ST/STM32CubeIDE_1.19.0/STM32CubeIDE/plugins/com.st.stm32cube.ide.mcu.externaltools.gnu-tools-for-stm32.13.3.rel1.win32_1.0.0.202411081344/tools/bin/../lib/gcc/arm-none-eabi/13.3.1/../../../../arm-none-eabi/lib/thumb/v7-m/nofp\libc_nano.a(libc_a-mlock.o)
                0x0800a754                __malloc_lock
 .text.__malloc_unlock
                0x0800a760        0xc C:/ST/STM32CubeIDE_1.19.0/STM32CubeIDE/plugins/com.st.stm32cube.ide.mcu.externaltools.gnu-tools-for-stm32.13.3.rel1.win32_1.0.0.202411081344/tools/bin/../lib/gcc/arm-none-eabi/13.3.1/../../../../arm-none-eabi/lib/thumb/v7-m/nofp\libc_nano.a(libc_a-mlock.o)
                0x0800a760                __malloc_unlock
 .text.__ssputs_r
                0x0800a76c       0xb6 C:/ST/STM32CubeIDE_1.19.0/STM32CubeIDE/plugins/com.st.stm32cube.ide.mcu.externaltools.gnu-tools-for-stm32.13.3.rel1.win32_1.0.0.202411081344/tools/bin/../lib/gcc/arm-none-eabi/13.3.1/../../../../arm-none-eabi/lib/thumb/v7-m/nofp\libc_nano.a(libc_a-nano-svfprintf.o)
                0x0800a76c                __ssputs_r
 *fill*         0x0800a822        0x2 
 .text._svfprintf_r
                0x0800a824      0x1f8 C:/ST/STM32CubeIDE_1.19.0/STM32CubeIDE/plugins/com.st.stm32cube.ide.mcu.externaltools.gnu-tools-for-stm32.13.3.rel1.win32_1.0.0.202411081344/tools/bin/../lib/gcc/arm-none-eabi/13.3.1/../../../../arm-none-eabi/lib/thumb/v7-m/nofp\libc_nano.a(libc_a-nano-svfprintf.o)
                0x0800a824                _svfiprintf_r
                0x0800a824                _svfprintf_r
 .text._printf_common
                0x0800aa1c       0xe4 C:/ST/STM32CubeIDE_1.19.0/STM32CubeIDE/plugins/com.st.stm32cube.ide.mcu.externaltools.gnu-tools-for-stm32.13.3.rel1.win32_1.0.0.202411081344/tools/bin/../lib/gcc/arm-none-eabi/13.3.1/../../../../arm-none-eabi/lib/thumb/v7-m/nofp\libc_nano.a(libc_a-nano-vfprintf_i.o)
                0x0800aa1c                _printf_common
 .text._printf_i
                0x0800ab00      0x23c C:/ST/STM32CubeIDE_1.19.0/STM32CubeIDE/plugins/com.st.stm32cube.ide.mcu.externaltools.gnu-tools-for-stm32.13.3.rel1.win32_1.0.0.202411081344/tools/bin/../lib/gcc/arm-none-eabi/13.3.1/../../../../arm-none-eabi/lib/thumb/v7-m/nofp\libc_nano.a(libc_a-nano-vfprintf_i.o)
                0x0800ab00                _printf_i
 .text.memmove  0x0800ad3c       0x34 C:/ST/STM32CubeIDE_1.19.0/STM32CubeIDE/plugins/com.st.stm32cube.ide.mcu.externaltools.gnu-tools-for-stm32.13.3.rel1.win32_1.0.0.202411081344/tools/bin/../lib/gcc/arm-none-eabi/13.3.1/../../../../arm-none-eabi/lib/thumb/v7-m/nofp\libc_nano.a(libc_a-memmove.o)
                0x0800ad3c                memmove
 .text._sbrk_r  0x0800ad70       0x20 C:/ST/STM32CubeIDE_1.19.0/STM32CubeIDE/plugins/com.st.stm32cube.ide.mcu.externaltools.gnu-tools-for-stm32.13.3.rel1.win32_1.0.0.202411081344/tools/bin/../lib/gcc/arm-none-eabi/13.3.1/../../../../arm-none-eabi/lib/thumb/v7-m/nofp\libc_nano.a(libc_a-sbrkr.o)
                0x0800ad70                _sbrk_r
 .text.memchr   0x0800ad90       0x1c C:/ST/STM32CubeIDE_1.19.0/STM32CubeIDE/plugins/com.st.stm32cube.ide.mcu.externaltools.gnu-tools-for-stm32.13.3.rel1.win32_1.0.0.202411081344/tools/bin/../lib/gcc/arm-none-eabi/13.3.1/../../../../arm-none-eabi/lib/thumb/v7-m/nofp\libc_nano.a(libc_a-memchr-stub.o)
                0x0800ad90                memchr
 .text._realloc_r
                0x0800adac       0x5c C:/ST/STM32CubeIDE_1.19.0/STM32CubeIDE/plugins/com.st.stm32cube.ide.mcu.externaltools.gnu-tools-for-stm32.13.3.rel1.win32_1.0.0.202411081344/tools/bin/../lib/gcc/arm-none-eabi/13.3.1/../../../../arm-none-eabi/lib/thumb/v7-m/nofp\libc_nano.a(libc_a-reallocr.o)
                0x0800adac                _realloc_r
 .text._malloc_usable_size_r
                0x0800ae08       0x10 C:/ST/STM32CubeIDE_1.19.0/STM32CubeIDE/plugins/com.st.stm32cube.ide.mcu.externaltools.gnu-tools-for-stm32.13.3.rel1.win32_1.0.0.202411081344/tools/bin/../lib/gcc/arm-none-eabi/13.3.1/../../../../arm-none-eabi/lib/thumb/v7-m/nofp\libc_nano.a(libc_a-msizer.o)
                0x0800ae08                _malloc_usable_size_r
 .text.asin     0x0800ae18       0x50 C:/ST/STM32CubeIDE_1.19.0/STM32CubeIDE/plugins/com.st.stm32cube.ide.mcu.externaltools.gnu-tools-for-stm32.13.3.rel1.win32_1.0.0.202411081344/tools/bin/../lib/gcc/arm-none-eabi/13.3.1/../../../../arm-none-eabi/lib/thumb/v7-m/nofp\libm.a(libm_a-w_asin.o)
                0x0800ae18                asin
 .text.atan2    0x0800ae68        0x4 C:/ST/STM32CubeIDE_1.19.0/STM32CubeIDE/plugins/com.st.stm32cube.ide.mcu.externaltools.gnu-tools-for-stm32.13.3.rel1.win32_1.0.0.202411081344/tools/bin/../lib/gcc/arm-none-eabi/13.3.1/../../../../arm-none-eabi/lib/thumb/v7-m/nofp\libm.a(libm_a-w_atan2.o)
                0x0800ae68                atan2
 .text.pow      0x0800ae6c       0xd0 C:/ST/STM32CubeIDE_1.19.0/STM32CubeIDE/plugins/com.st.stm32cube.ide.mcu.externaltools.gnu-tools-for-stm32.13.3.rel1.win32_1.0.0.202411081344/tools/bin/../lib/gcc/arm-none-eabi/13.3.1/../../../../arm-none-eabi/lib/thumb/v7-m/nofp\libm.a(libm_a-w_pow.o)
                0x0800ae6c                pow
 .text.fabs     0x0800af3c        0x8 C:/ST/STM32CubeIDE_1.19.0/STM32CubeIDE/plugins/com.st.stm32cube.ide.mcu.externaltools.gnu-tools-for-stm32.13.3.rel1.win32_1.0.0.202411081344/tools/bin/../lib/gcc/arm-none-eabi/13.3.1/../../../../arm-none-eabi/lib/thumb/v7-m/nofp\libm.a(libm_a-s_fabs.o)
                0x0800af3c                fabs
 .text.finite   0x0800af44        0xc C:/ST/STM32CubeIDE_1.19.0/STM32CubeIDE/plugins/com.st.stm32cube.ide.mcu.externaltools.gnu-tools-for-stm32.13.3.rel1.win32_1.0.0.202411081344/tools/bin/../lib/gcc/arm-none-eabi/13.3.1/../../../../arm-none-eabi/lib/thumb/v7-m/nofp\libm.a(libm_a-s_finite.o)
                0x0800af44                finite
 .text.nan      0x0800af50        0xc C:/ST/STM32CubeIDE_1.19.0/STM32CubeIDE/plugins/com.st.stm32cube.ide.mcu.externaltools.gnu-tools-for-stm32.13.3.rel1.win32_1.0.0.202411081344/tools/bin/../lib/gcc/arm-none-eabi/13.3.1/../../../../arm-none-eabi/lib/thumb/v7-m/nofp\libm.a(libm_a-s_nan.o)
                0x0800af50                nan
 *fill*         0x0800af5c        0x4 
 .text.__ieee754_asin
                0x0800af60      0x3f8 C:/ST/STM32CubeIDE_1.19.0/STM32CubeIDE/plugins/com.st.stm32cube.ide.mcu.externaltools.gnu-tools-for-stm32.13.3.rel1.win32_1.0.0.202411081344/tools/bin/../lib/gcc/arm-none-eabi/13.3.1/../../../../arm-none-eabi/lib/thumb/v7-m/nofp\libm.a(libm_a-e_asin.o)
                0x0800af60                __ieee754_asin
 .text.__ieee754_atan2
                0x0800b358      0x1a4 C:/ST/STM32CubeIDE_1.19.0/STM32CubeIDE/plugins/com.st.stm32cube.ide.mcu.externaltools.gnu-tools-for-stm32.13.3.rel1.win32_1.0.0.202411081344/tools/bin/../lib/gcc/arm-none-eabi/13.3.1/../../../../arm-none-eabi/lib/thumb/v7-m/nofp\libm.a(libm_a-e_atan2.o)
                0x0800b358                __ieee754_atan2
 *fill*         0x0800b4fc        0x4 
 .text.__ieee754_pow
                0x0800b500      0xa54 C:/ST/STM32CubeIDE_1.19.0/STM32CubeIDE/plugins/com.st.stm32cube.ide.mcu.externaltools.gnu-tools-for-stm32.13.3.rel1.win32_1.0.0.202411081344/tools/bin/../lib/gcc/arm-none-eabi/13.3.1/../../../../arm-none-eabi/lib/thumb/v7-m/nofp\libm.a(libm_a-e_pow.o)
                0x0800b500                __ieee754_pow
 *fill*         0x0800bf54        0x4 
 .text.atan     0x0800bf58      0x320 C:/ST/STM32CubeIDE_1.19.0/STM32CubeIDE/plugins/com.st.stm32cube.ide.mcu.externaltools.gnu-tools-for-stm32.13.3.rel1.win32_1.0.0.202411081344/tools/bin/../lib/gcc/arm-none-eabi/13.3.1/../../../../arm-none-eabi/lib/thumb/v7-m/nofp\libm.a(libm_a-s_atan.o)
                0x0800bf58                atan
 .text.scalbn   0x0800c278       0xe4 C:/ST/STM32CubeIDE_1.19.0/STM32CubeIDE/plugins/com.st.stm32cube.ide.mcu.externaltools.gnu-tools-for-stm32.13.3.rel1.win32_1.0.0.202411081344/tools/bin/../lib/gcc/arm-none-eabi/13.3.1/../../../../arm-none-eabi/lib/thumb/v7-m/nofp\libm.a(libm_a-s_scalbn.o)
                0x0800c278                scalbn
 .text.with_errno
                0x0800c35c       0x14 C:/ST/STM32CubeIDE_1.19.0/STM32CubeIDE/plugins/com.st.stm32cube.ide.mcu.externaltools.gnu-tools-for-stm32.13.3.rel1.win32_1.0.0.202411081344/tools/bin/../lib/gcc/arm-none-eabi/13.3.1/../../../../arm-none-eabi/lib/thumb/v7-m/nofp\libm.a(libm_a-math_err.o)
 .text.xflow    0x0800c370       0x26 C:/ST/STM32CubeIDE_1.19.0/STM32CubeIDE/plugins/com.st.stm32cube.ide.mcu.externaltools.gnu-tools-for-stm32.13.3.rel1.win32_1.0.0.202411081344/tools/bin/../lib/gcc/arm-none-eabi/13.3.1/../../../../arm-none-eabi/lib/thumb/v7-m/nofp\libm.a(libm_a-math_err.o)
 .text.__math_uflow
                0x0800c396        0xa C:/ST/STM32CubeIDE_1.19.0/STM32CubeIDE/plugins/com.st.stm32cube.ide.mcu.externaltools.gnu-tools-for-stm32.13.3.rel1.win32_1.0.0.202411081344/tools/bin/../lib/gcc/arm-none-eabi/13.3.1/../../../../arm-none-eabi/lib/thumb/v7-m/nofp\libm.a(libm_a-math_err.o)
                0x0800c396                __math_uflow
 .text.__math_oflow
                0x0800c3a0        0xa C:/ST/STM32CubeIDE_1.19.0/STM32CubeIDE/plugins/com.st.stm32cube.ide.mcu.externaltools.gnu-tools-for-stm32.13.3.rel1.win32_1.0.0.202411081344/tools/bin/../lib/gcc/arm-none-eabi/13.3.1/../../../../arm-none-eabi/lib/thumb/v7-m/nofp\libm.a(libm_a-math_err.o)
                0x0800c3a0                __math_oflow
 *fill*         0x0800c3aa        0x2 
 .text.__ieee754_sqrt
                0x0800c3ac      0x1a4 C:/ST/STM32CubeIDE_1.19.0/STM32CubeIDE/plugins/com.st.stm32cube.ide.mcu.externaltools.gnu-tools-for-stm32.13.3.rel1.win32_1.0.0.202411081344/tools/bin/../lib/gcc/arm-none-eabi/13.3.1/../../../../arm-none-eabi/lib/thumb/v7-m/nofp\libm.a(libm_a-e_sqrt.o)
                0x0800c3ac                __ieee754_sqrt
 *(.glue_7)
 .glue_7        0x0800c550        0x0 linker stubs
 *(.glue_7t)
 .glue_7t       0x0800c550        0x0 linker stubs
 *(.eh_frame)
 .eh_frame      0x0800c550        0x0 C:/ST/STM32CubeIDE_1.19.0/STM32CubeIDE/plugins/com.st.stm32cube.ide.mcu.externaltools.gnu-tools-for-stm32.13.3.rel1.win32_1.0.0.202411081344/tools/bin/../lib/gcc/arm-none-eabi/13.3.1/thumb/v7-m/nofp/crtbegin.o
 *(.init)
 .init          0x0800c550        0x4 C:/ST/STM32CubeIDE_1.19.0/STM32CubeIDE/plugins/com.st.stm32cube.ide.mcu.externaltools.gnu-tools-for-stm32.13.3.rel1.win32_1.0.0.202411081344/tools/bin/../lib/gcc/arm-none-eabi/13.3.1/thumb/v7-m/nofp/crti.o
                0x0800c550                _init
 .init          0x0800c554        0x8 C:/ST/STM32CubeIDE_1.19.0/STM32CubeIDE/plugins/com.st.stm32cube.ide.mcu.externaltools.gnu-tools-for-stm32.13.3.rel1.win32_1.0.0.202411081344/tools/bin/../lib/gcc/arm-none-eabi/13.3.1/thumb/v7-m/nofp/crtn.o
 *(.fini)
 .fini          0x0800c55c        0x4 C:/ST/STM32CubeIDE_1.19.0/STM32CubeIDE/plugins/com.st.stm32cube.ide.mcu.externaltools.gnu-tools-for-stm32.13.3.rel1.win32_1.0.0.202411081344/tools/bin/../lib/gcc/arm-none-eabi/13.3.1/thumb/v7-m/nofp/crti.o
                0x0800c55c                _fini
 .fini          0x0800c560        0x8 C:/ST/STM32CubeIDE_1.19.0/STM32CubeIDE/plugins/com.st.stm32cube.ide.mcu.externaltools.gnu-tools-for-stm32.13.3.rel1.win32_1.0.0.202411081344/tools/bin/../lib/gcc/arm-none-eabi/13.3.1/thumb/v7-m/nofp/crtn.o
                0x0800c568                        . = ALIGN (0x4)
                0x0800c568                        _etext = .

.vfp11_veneer   0x0800c568        0x0
 .vfp11_veneer  0x0800c568        0x0 linker stubs

.v4_bx          0x0800c568        0x0
 .v4_bx         0x0800c568        0x0 linker stubs

.iplt           0x0800c568        0x0
 .iplt          0x0800c568        0x0 C:/ST/STM32CubeIDE_1.19.0/STM32CubeIDE/plugins/com.st.stm32cube.ide.mcu.externaltools.gnu-tools-for-stm32.13.3.rel1.win32_1.0.0.202411081344/tools/bin/../lib/gcc/arm-none-eabi/13.3.1/thumb/v7-m/nofp/crtbegin.o

.rodata         0x0800c568     0x1488
                0x0800c568                        . = ALIGN (0x4)
 *(.rodata)
 .rodata        0x0800c568       0x11 ./Core/Src/float.o
 *fill*         0x0800c579        0x3 
 .rodata        0x0800c57c       0x4b ./Core/Src/inv_mpu_dmp_motion_driver.o
 *fill*         0x0800c5c7        0x1 
 .rodata        0x0800c5c8       0x32 ./Core/Src/main.o
 *(.rodata*)
 *fill*         0x0800c5fa        0x2 
 .rodata.ascii_16x8
                0x0800c5fc      0x5f0 ./Core/Src/font.o
                0x0800c5fc                ascii_16x8
 .rodata.afont16x8
                0x0800cbec        0x8 ./Core/Src/font.o
                0x0800cbec                afont16x8
 .rodata.zh16x16
                0x0800cbf4       0x90 ./Core/Src/font.o
                0x0800cbf4                zh16x16
 .rodata.font16x16
                0x0800cc84       0x10 ./Core/Src/font.o
                0x0800cc84                font16x16
 .rodata.reg    0x0800cc94       0x1b ./Core/Src/inv_mpu.o
                0x0800cc94                reg
 *fill*         0x0800ccaf        0x1 
 .rodata.hw     0x0800ccb0        0xc ./Core/Src/inv_mpu.o
                0x0800ccb0                hw
 .rodata.test   0x0800ccbc       0x28 ./Core/Src/inv_mpu.o
                0x0800ccbc                test
 .rodata.dmp_memory
                0x0800cce4      0xbf6 ./Core/Src/inv_mpu_dmp_motion_driver.o
 *fill*         0x0800d8da        0x2 
 .rodata.AHBPrescTable
                0x0800d8dc       0x10 ./Core/Src/system_stm32f1xx.o
                0x0800d8dc                AHBPrescTable
 .rodata.APBPrescTable
                0x0800d8ec        0x8 ./Core/Src/system_stm32f1xx.o
                0x0800d8ec                APBPrescTable
 .rodata.aPLLMULFactorTable.1
                0x0800d8f4       0x10 ./Drivers/STM32F1xx_HAL_Driver/Src/stm32f1xx_hal_rcc.o
 .rodata.aPredivFactorTable.0
                0x0800d904        0x2 ./Drivers/STM32F1xx_HAL_Driver/Src/stm32f1xx_hal_rcc.o
 .rodata._svfprintf_r.str1.1
                0x0800d906       0x33 C:/ST/STM32CubeIDE_1.19.0/STM32CubeIDE/plugins/com.st.stm32cube.ide.mcu.externaltools.gnu-tools-for-stm32.13.3.rel1.win32_1.0.0.202411081344/tools/bin/../lib/gcc/arm-none-eabi/13.3.1/../../../../arm-none-eabi/lib/thumb/v7-m/nofp\libc_nano.a(libc_a-nano-svfprintf.o)
                                 0x11 (size before relaxing)
 .rodata._printf_i.str1.1
                0x0800d939       0x22 C:/ST/STM32CubeIDE_1.19.0/STM32CubeIDE/plugins/com.st.stm32cube.ide.mcu.externaltools.gnu-tools-for-stm32.13.3.rel1.win32_1.0.0.202411081344/tools/bin/../lib/gcc/arm-none-eabi/13.3.1/../../../../arm-none-eabi/lib/thumb/v7-m/nofp\libc_nano.a(libc_a-nano-vfprintf_i.o)
 .rodata.asin.str1.1
                0x0800d939        0x1 C:/ST/STM32CubeIDE_1.19.0/STM32CubeIDE/plugins/com.st.stm32cube.ide.mcu.externaltools.gnu-tools-for-stm32.13.3.rel1.win32_1.0.0.202411081344/tools/bin/../lib/gcc/arm-none-eabi/13.3.1/../../../../arm-none-eabi/lib/thumb/v7-m/nofp\libm.a(libm_a-w_asin.o)
 *fill*         0x0800d939        0x7 
 .rodata.CSWTCH.9
                0x0800d940       0x18 C:/ST/STM32CubeIDE_1.19.0/STM32CubeIDE/plugins/com.st.stm32cube.ide.mcu.externaltools.gnu-tools-for-stm32.13.3.rel1.win32_1.0.0.202411081344/tools/bin/../lib/gcc/arm-none-eabi/13.3.1/../../../../arm-none-eabi/lib/thumb/v7-m/nofp\libm.a(libm_a-e_atan2.o)
 .rodata.CSWTCH.8
                0x0800d958       0x18 C:/ST/STM32CubeIDE_1.19.0/STM32CubeIDE/plugins/com.st.stm32cube.ide.mcu.externaltools.gnu-tools-for-stm32.13.3.rel1.win32_1.0.0.202411081344/tools/bin/../lib/gcc/arm-none-eabi/13.3.1/../../../../arm-none-eabi/lib/thumb/v7-m/nofp\libm.a(libm_a-e_atan2.o)
 .rodata.dp_l   0x0800d970       0x10 C:/ST/STM32CubeIDE_1.19.0/STM32CubeIDE/plugins/com.st.stm32cube.ide.mcu.externaltools.gnu-tools-for-stm32.13.3.rel1.win32_1.0.0.202411081344/tools/bin/../lib/gcc/arm-none-eabi/13.3.1/../../../../arm-none-eabi/lib/thumb/v7-m/nofp\libm.a(libm_a-e_pow.o)
 .rodata.dp_h   0x0800d980       0x10 C:/ST/STM32CubeIDE_1.19.0/STM32CubeIDE/plugins/com.st.stm32cube.ide.mcu.externaltools.gnu-tools-for-stm32.13.3.rel1.win32_1.0.0.202411081344/tools/bin/../lib/gcc/arm-none-eabi/13.3.1/../../../../arm-none-eabi/lib/thumb/v7-m/nofp\libm.a(libm_a-e_pow.o)
 .rodata.bp     0x0800d990       0x10 C:/ST/STM32CubeIDE_1.19.0/STM32CubeIDE/plugins/com.st.stm32cube.ide.mcu.externaltools.gnu-tools-for-stm32.13.3.rel1.win32_1.0.0.202411081344/tools/bin/../lib/gcc/arm-none-eabi/13.3.1/../../../../arm-none-eabi/lib/thumb/v7-m/nofp\libm.a(libm_a-e_pow.o)
 .rodata.atanlo
                0x0800d9a0       0x20 C:/ST/STM32CubeIDE_1.19.0/STM32CubeIDE/plugins/com.st.stm32cube.ide.mcu.externaltools.gnu-tools-for-stm32.13.3.rel1.win32_1.0.0.202411081344/tools/bin/../lib/gcc/arm-none-eabi/13.3.1/../../../../arm-none-eabi/lib/thumb/v7-m/nofp\libm.a(libm_a-s_atan.o)
 .rodata.atanhi
                0x0800d9c0       0x20 C:/ST/STM32CubeIDE_1.19.0/STM32CubeIDE/plugins/com.st.stm32cube.ide.mcu.externaltools.gnu-tools-for-stm32.13.3.rel1.win32_1.0.0.202411081344/tools/bin/../lib/gcc/arm-none-eabi/13.3.1/../../../../arm-none-eabi/lib/thumb/v7-m/nofp\libm.a(libm_a-s_atan.o)
 .rodata.tiny   0x0800d9e0        0x8 C:/ST/STM32CubeIDE_1.19.0/STM32CubeIDE/plugins/com.st.stm32cube.ide.mcu.externaltools.gnu-tools-for-stm32.13.3.rel1.win32_1.0.0.202411081344/tools/bin/../lib/gcc/arm-none-eabi/13.3.1/../../../../arm-none-eabi/lib/thumb/v7-m/nofp\libm.a(libm_a-e_sqrt.o)
 .rodata.one    0x0800d9e8        0x8 C:/ST/STM32CubeIDE_1.19.0/STM32CubeIDE/plugins/com.st.stm32cube.ide.mcu.externaltools.gnu-tools-for-stm32.13.3.rel1.win32_1.0.0.202411081344/tools/bin/../lib/gcc/arm-none-eabi/13.3.1/../../../../arm-none-eabi/lib/thumb/v7-m/nofp\libm.a(libm_a-e_sqrt.o)
                0x0800d9f0                        . = ALIGN (0x4)

.ARM.extab      0x0800d9f0        0x0
                0x0800d9f0                        . = ALIGN (0x4)
 *(.ARM.extab* .gnu.linkonce.armextab.*)
                0x0800d9f0                        . = ALIGN (0x4)

.ARM            0x0800d9f0        0x8
                0x0800d9f0                        . = ALIGN (0x4)
                0x0800d9f0                        __exidx_start = .
 *(.ARM.exidx*)
 .ARM.exidx     0x0800d9f0        0x8 C:/ST/STM32CubeIDE_1.19.0/STM32CubeIDE/plugins/com.st.stm32cube.ide.mcu.externaltools.gnu-tools-for-stm32.13.3.rel1.win32_1.0.0.202411081344/tools/bin/../lib/gcc/arm-none-eabi/13.3.1/../../../../arm-none-eabi/lib/thumb/v7-m/nofp\libc_nano.a(libc_a-strlen.o)
 .ARM.exidx     0x0800d9f8        0x0 C:/ST/STM32CubeIDE_1.19.0/STM32CubeIDE/plugins/com.st.stm32cube.ide.mcu.externaltools.gnu-tools-for-stm32.13.3.rel1.win32_1.0.0.202411081344/tools/bin/../lib/gcc/arm-none-eabi/13.3.1/thumb/v7-m/nofp\libgcc.a(_udivmoddi4.o)
                                  0x8 (size before relaxing)
                0x0800d9f8                        __exidx_end = .
                0x0800d9f8                        . = ALIGN (0x4)

.preinit_array  0x0800d9f8        0x0
                0x0800d9f8                        . = ALIGN (0x4)
                0x0800d9f8                        PROVIDE (__preinit_array_start = .)
 *(.preinit_array*)
                0x0800d9f8                        PROVIDE (__preinit_array_end = .)
                0x0800d9f8                        . = ALIGN (0x4)

.init_array     0x0800d9f8        0x4
                0x0800d9f8                        . = ALIGN (0x4)
                0x0800d9f8                        PROVIDE (__init_array_start = .)
 *(SORT_BY_NAME(.init_array.*))
 *(.init_array*)
 .init_array    0x0800d9f8        0x4 C:/ST/STM32CubeIDE_1.19.0/STM32CubeIDE/plugins/com.st.stm32cube.ide.mcu.externaltools.gnu-tools-for-stm32.13.3.rel1.win32_1.0.0.202411081344/tools/bin/../lib/gcc/arm-none-eabi/13.3.1/thumb/v7-m/nofp/crtbegin.o
                0x0800d9fc                        PROVIDE (__init_array_end = .)
                0x0800d9fc                        . = ALIGN (0x4)

.fini_array     0x0800d9fc        0x4
                0x0800d9fc                        . = ALIGN (0x4)
                [!provide]                        PROVIDE (__fini_array_start = .)
 *(SORT_BY_NAME(.fini_array.*))
 *(.fini_array*)
 .fini_array    0x0800d9fc        0x4 C:/ST/STM32CubeIDE_1.19.0/STM32CubeIDE/plugins/com.st.stm32cube.ide.mcu.externaltools.gnu-tools-for-stm32.13.3.rel1.win32_1.0.0.202411081344/tools/bin/../lib/gcc/arm-none-eabi/13.3.1/thumb/v7-m/nofp/crtbegin.o
                [!provide]                        PROVIDE (__fini_array_end = .)
                0x0800da00                        . = ALIGN (0x4)
                0x0800da00                        _sidata = LOADADDR (.data)

.rel.dyn        0x0800da00        0x0
 .rel.iplt      0x0800da00        0x0 C:/ST/STM32CubeIDE_1.19.0/STM32CubeIDE/plugins/com.st.stm32cube.ide.mcu.externaltools.gnu-tools-for-stm32.13.3.rel1.win32_1.0.0.202411081344/tools/bin/../lib/gcc/arm-none-eabi/13.3.1/thumb/v7-m/nofp/crtbegin.o

.data           0x20000000       0x98 load address 0x0800da00
                0x20000000                        . = ALIGN (0x4)
                0x20000000                        _sdata = .
 *(.data)
 *(.data*)
 .data.st       0x20000000       0x2c ./Core/Src/inv_mpu.o
 .data.gyro_orientation
                0x2000002c        0x9 ./Core/Src/inv_mpu.o
 *fill*         0x20000035        0x3 
 .data.a.2      0x20000038        0x4 ./Core/Src/pid.o
 .data.SystemCoreClock
                0x2000003c        0x4 ./Core/Src/system_stm32f1xx.o
                0x2000003c                SystemCoreClock
 .data.uwTickPrio
                0x20000040        0x4 ./Drivers/STM32F1xx_HAL_Driver/Src/stm32f1xx_hal.o
                0x20000040                uwTickPrio
 .data.uwTickFreq
                0x20000044        0x1 ./Drivers/STM32F1xx_HAL_Driver/Src/stm32f1xx_hal.o
                0x20000044                uwTickFreq
 *fill*         0x20000045        0x3 
 .data._impure_ptr
                0x20000048        0x4 C:/ST/STM32CubeIDE_1.19.0/STM32CubeIDE/plugins/com.st.stm32cube.ide.mcu.externaltools.gnu-tools-for-stm32.13.3.rel1.win32_1.0.0.202411081344/tools/bin/../lib/gcc/arm-none-eabi/13.3.1/../../../../arm-none-eabi/lib/thumb/v7-m/nofp\libc_nano.a(libc_a-impure.o)
                0x20000048                _impure_ptr
 .data._impure_data
                0x2000004c       0x4c C:/ST/STM32CubeIDE_1.19.0/STM32CubeIDE/plugins/com.st.stm32cube.ide.mcu.externaltools.gnu-tools-for-stm32.13.3.rel1.win32_1.0.0.202411081344/tools/bin/../lib/gcc/arm-none-eabi/13.3.1/../../../../arm-none-eabi/lib/thumb/v7-m/nofp\libc_nano.a(libc_a-impure.o)
                0x2000004c                _impure_data
 *(.RamFunc)
 *(.RamFunc*)
                0x20000098                        . = ALIGN (0x4)
                0x20000098                        _edata = .

.igot.plt       0x20000098        0x0 load address 0x0800da98
 .igot.plt      0x20000098        0x0 C:/ST/STM32CubeIDE_1.19.0/STM32CubeIDE/plugins/com.st.stm32cube.ide.mcu.externaltools.gnu-tools-for-stm32.13.3.rel1.win32_1.0.0.202411081344/tools/bin/../lib/gcc/arm-none-eabi/13.3.1/thumb/v7-m/nofp/crtbegin.o
                0x20000098                        . = ALIGN (0x4)

.bss            0x20000098      0x82c load address 0x0800da98
                0x20000098                        _sbss = .
                0x20000098                        __bss_start__ = _sbss
 *(.bss)
 .bss           0x20000098       0x1c C:/ST/STM32CubeIDE_1.19.0/STM32CubeIDE/plugins/com.st.stm32cube.ide.mcu.externaltools.gnu-tools-for-stm32.13.3.rel1.win32_1.0.0.202411081344/tools/bin/../lib/gcc/arm-none-eabi/13.3.1/thumb/v7-m/nofp/crtbegin.o
 *(.bss*)
 .bss.hi2c1     0x200000b4       0x54 ./Core/Src/i2c.o
                0x200000b4                hi2c1
 .bss.dmp       0x20000108       0x10 ./Core/Src/inv_mpu_dmp_motion_driver.o
 .bss.pitch     0x20000118        0x4 ./Core/Src/main.o
                0x20000118                pitch
 .bss.roll      0x2000011c        0x4 ./Core/Src/main.o
                0x2000011c                roll
 .bss.yaw       0x20000120        0x4 ./Core/Src/main.o
                0x20000120                yaw
 .bss.display_buf
                0x20000124       0x14 ./Core/Src/main.o
                0x20000124                display_buf
 .bss.rx_buf    0x20000138        0x2 ./Core/Src/main.o
                0x20000138                rx_buf
 *fill*         0x2000013a        0x2 
 .bss.OLED_GRAM
                0x2000013c      0x400 ./Core/Src/oled.o
                0x2000013c                OLED_GRAM
 .bss.sendBuffer.3
                0x2000053c        0x2 ./Core/Src/oled.o
 *fill*         0x2000053e        0x2 
 .bss.sendBuffer.2
                0x20000540       0x81 ./Core/Src/oled.o
 .bss.temp.1    0x200005c1        0x1 ./Core/Src/oled.o
 *fill*         0x200005c2        0x2 
 .bss.encoder_left
                0x200005c4        0x4 ./Core/Src/pid.o
                0x200005c4                encoder_left
 .bss.encoder_right
                0x200005c8        0x4 ./Core/Src/pid.o
                0x200005c8                encoder_right
 .bss.gyro_x    0x200005cc        0x2 ./Core/Src/pid.o
                0x200005cc                gyro_x
 .bss.gyro_y    0x200005ce        0x2 ./Core/Src/pid.o
                0x200005ce                gyro_y
 .bss.gyro_z    0x200005d0        0x2 ./Core/Src/pid.o
                0x200005d0                gyro_z
 .bss.a_x       0x200005d2        0x2 ./Core/Src/pid.o
                0x200005d2                a_x
 .bss.a_y       0x200005d4        0x2 ./Core/Src/pid.o
                0x200005d4                a_y
 .bss.a_z       0x200005d6        0x2 ./Core/Src/pid.o
                0x200005d6                a_z
 .bss.Vertical_out
                0x200005d8        0x4 ./Core/Src/pid.o
                0x200005d8                Vertical_out
 .bss.Speed_out
                0x200005dc        0x4 ./Core/Src/pid.o
                0x200005dc                Speed_out
 .bss.Turn_out  0x200005e0        0x4 ./Core/Src/pid.o
                0x200005e0                Turn_out
 .bss.target_speed
                0x200005e4        0x4 ./Core/Src/pid.o
                0x200005e4                target_speed
 .bss.target_turn
                0x200005e8        0x4 ./Core/Src/pid.o
                0x200005e8                target_turn
 .bss.Med_angle
                0x200005ec        0x4 ./Core/Src/pid.o
                0x200005ec                Med_angle
 .bss.motor1    0x200005f0        0x4 ./Core/Src/pid.o
                0x200005f0                motor1
 .bss.motor2    0x200005f4        0x4 ./Core/Src/pid.o
                0x200005f4                motor2
 .bss.stop      0x200005f8        0x4 ./Core/Src/pid.o
                0x200005f8                stop
 .bss.error_lowout_last.1
                0x200005fc        0x4 ./Core/Src/pid.o
 .bss.encoder_s.0
                0x20000600        0x4 ./Core/Src/pid.o
 .bss.count     0x20000604        0x2 ./Core/Src/sr04.o
                0x20000604                count
 *fill*         0x20000606        0x2 
 .bss.distance  0x20000608        0x4 ./Core/Src/sr04.o
                0x20000608                distance
 .bss.__sbrk_heap_end
                0x2000060c        0x4 ./Core/Src/sysmem.o
 .bss.htim1     0x20000610       0x48 ./Core/Src/tim.o
                0x20000610                htim1
 .bss.htim2     0x20000658       0x48 ./Core/Src/tim.o
                0x20000658                htim2
 .bss.htim3     0x200006a0       0x48 ./Core/Src/tim.o
                0x200006a0                htim3
 .bss.htim4     0x200006e8       0x48 ./Core/Src/tim.o
                0x200006e8                htim4
 .bss.huart3    0x20000730       0x48 ./Core/Src/usart.o
                0x20000730                huart3
 .bss.uwTick    0x20000778        0x4 ./Drivers/STM32F1xx_HAL_Driver/Src/stm32f1xx_hal.o
                0x20000778                uwTick
 .bss.__sf      0x2000077c      0x138 C:/ST/STM32CubeIDE_1.19.0/STM32CubeIDE/plugins/com.st.stm32cube.ide.mcu.externaltools.gnu-tools-for-stm32.13.3.rel1.win32_1.0.0.202411081344/tools/bin/../lib/gcc/arm-none-eabi/13.3.1/../../../../arm-none-eabi/lib/thumb/v7-m/nofp\libc_nano.a(libc_a-findfp.o)
                0x2000077c                __sf
 .bss.errno     0x200008b4        0x4 C:/ST/STM32CubeIDE_1.19.0/STM32CubeIDE/plugins/com.st.stm32cube.ide.mcu.externaltools.gnu-tools-for-stm32.13.3.rel1.win32_1.0.0.202411081344/tools/bin/../lib/gcc/arm-none-eabi/13.3.1/../../../../arm-none-eabi/lib/thumb/v7-m/nofp\libc_nano.a(libc_a-reent.o)
                0x200008b4                errno
 .bss.__lock___malloc_recursive_mutex
                0x200008b8        0x1 C:/ST/STM32CubeIDE_1.19.0/STM32CubeIDE/plugins/com.st.stm32cube.ide.mcu.externaltools.gnu-tools-for-stm32.13.3.rel1.win32_1.0.0.202411081344/tools/bin/../lib/gcc/arm-none-eabi/13.3.1/../../../../arm-none-eabi/lib/thumb/v7-m/nofp\libc_nano.a(libc_a-lock.o)
                0x200008b8                __lock___malloc_recursive_mutex
 *fill*         0x200008b9        0x3 
 .bss.__malloc_sbrk_start
                0x200008bc        0x4 C:/ST/STM32CubeIDE_1.19.0/STM32CubeIDE/plugins/com.st.stm32cube.ide.mcu.externaltools.gnu-tools-for-stm32.13.3.rel1.win32_1.0.0.202411081344/tools/bin/../lib/gcc/arm-none-eabi/13.3.1/../../../../arm-none-eabi/lib/thumb/v7-m/nofp\libc_nano.a(libc_a-mallocr.o)
                0x200008bc                __malloc_sbrk_start
 .bss.__malloc_free_list
                0x200008c0        0x4 C:/ST/STM32CubeIDE_1.19.0/STM32CubeIDE/plugins/com.st.stm32cube.ide.mcu.externaltools.gnu-tools-for-stm32.13.3.rel1.win32_1.0.0.202411081344/tools/bin/../lib/gcc/arm-none-eabi/13.3.1/../../../../arm-none-eabi/lib/thumb/v7-m/nofp\libc_nano.a(libc_a-mallocr.o)
                0x200008c0                __malloc_free_list
 *(COMMON)
                0x200008c4                        . = ALIGN (0x4)
                0x200008c4                        _ebss = .
                0x200008c4                        __bss_end__ = _ebss

._user_heap_stack
                0x200008c4      0x604 load address 0x0800da98
                0x200008c8                        . = ALIGN (0x8)
 *fill*         0x200008c4        0x4 
                [!provide]                        PROVIDE (end = .)
                0x200008c8                        PROVIDE (_end = .)
                0x20000ac8                        . = (. + _Min_Heap_Size)
 *fill*         0x200008c8      0x200 
                0x20000ec8                        . = (. + _Min_Stack_Size)
 *fill*         0x20000ac8      0x400 
                0x20000ec8                        . = ALIGN (0x8)

/DISCARD/
 libc.a(*)
 libm.a(*)
 libgcc.a(*)

.ARM.attributes
                0x00000000       0x29
 *(.ARM.attributes)
 .ARM.attributes
                0x00000000       0x1d C:/ST/STM32CubeIDE_1.19.0/STM32CubeIDE/plugins/com.st.stm32cube.ide.mcu.externaltools.gnu-tools-for-stm32.13.3.rel1.win32_1.0.0.202411081344/tools/bin/../lib/gcc/arm-none-eabi/13.3.1/thumb/v7-m/nofp/crti.o
 .ARM.attributes
                0x0000001d       0x2d C:/ST/STM32CubeIDE_1.19.0/STM32CubeIDE/plugins/com.st.stm32cube.ide.mcu.externaltools.gnu-tools-for-stm32.13.3.rel1.win32_1.0.0.202411081344/tools/bin/../lib/gcc/arm-none-eabi/13.3.1/thumb/v7-m/nofp/crtbegin.o
 .ARM.attributes
                0x0000004a       0x2d ./Core/Src/IIC.o
 .ARM.attributes
                0x00000077       0x2d ./Core/Src/encoder.o
 .ARM.attributes
                0x000000a4       0x2d ./Core/Src/float.o
 .ARM.attributes
                0x000000d1       0x2d ./Core/Src/font.o
 .ARM.attributes
                0x000000fe       0x2d ./Core/Src/gpio.o
 .ARM.attributes
                0x0000012b       0x2d ./Core/Src/i2c.o
 .ARM.attributes
                0x00000158       0x2d ./Core/Src/inv_mpu.o
 .ARM.attributes
                0x00000185       0x2d ./Core/Src/inv_mpu_dmp_motion_driver.o
 .ARM.attributes
                0x000001b2       0x2d ./Core/Src/main.o
 .ARM.attributes
                0x000001df       0x2d ./Core/Src/motor.o
 .ARM.attributes
                0x0000020c       0x2d ./Core/Src/mpu6050.o
 .ARM.attributes
                0x00000239       0x2d ./Core/Src/oled.o
 .ARM.attributes
                0x00000266       0x2d ./Core/Src/pid.o
 .ARM.attributes
                0x00000293       0x2d ./Core/Src/sr04.o
 .ARM.attributes
                0x000002c0       0x2d ./Core/Src/stm32f1xx_hal_msp.o
 .ARM.attributes
                0x000002ed       0x2d ./Core/Src/stm32f1xx_it.o
 .ARM.attributes
                0x0000031a       0x2d ./Core/Src/sysmem.o
 .ARM.attributes
                0x00000347       0x2d ./Core/Src/system_stm32f1xx.o
 .ARM.attributes
                0x00000374       0x2d ./Core/Src/tim.o
 .ARM.attributes
                0x000003a1       0x2d ./Core/Src/usart.o
 .ARM.attributes
                0x000003ce       0x21 ./Core/Startup/startup_stm32f103c8tx.o
 .ARM.attributes
                0x000003ef       0x2d ./Drivers/STM32F1xx_HAL_Driver/Src/stm32f1xx_hal.o
 .ARM.attributes
                0x0000041c       0x2d ./Drivers/STM32F1xx_HAL_Driver/Src/stm32f1xx_hal_cortex.o
 .ARM.attributes
                0x00000449       0x2d ./Drivers/STM32F1xx_HAL_Driver/Src/stm32f1xx_hal_dma.o
 .ARM.attributes
                0x00000476       0x2d ./Drivers/STM32F1xx_HAL_Driver/Src/stm32f1xx_hal_gpio.o
 .ARM.attributes
                0x000004a3       0x2d ./Drivers/STM32F1xx_HAL_Driver/Src/stm32f1xx_hal_i2c.o
 .ARM.attributes
                0x000004d0       0x2d ./Drivers/STM32F1xx_HAL_Driver/Src/stm32f1xx_hal_rcc.o
 .ARM.attributes
                0x000004fd       0x2d ./Drivers/STM32F1xx_HAL_Driver/Src/stm32f1xx_hal_tim.o
 .ARM.attributes
                0x0000052a       0x2d ./Drivers/STM32F1xx_HAL_Driver/Src/stm32f1xx_hal_tim_ex.o
 .ARM.attributes
                0x00000557       0x2d ./Drivers/STM32F1xx_HAL_Driver/Src/stm32f1xx_hal_uart.o
 .ARM.attributes
                0x00000584       0x2d C:/ST/STM32CubeIDE_1.19.0/STM32CubeIDE/plugins/com.st.stm32cube.ide.mcu.externaltools.gnu-tools-for-stm32.13.3.rel1.win32_1.0.0.202411081344/tools/bin/../lib/gcc/arm-none-eabi/13.3.1/../../../../arm-none-eabi/lib/thumb/v7-m/nofp\libc_nano.a(libc_a-findfp.o)
 .ARM.attributes
                0x000005b1       0x2d C:/ST/STM32CubeIDE_1.19.0/STM32CubeIDE/plugins/com.st.stm32cube.ide.mcu.externaltools.gnu-tools-for-stm32.13.3.rel1.win32_1.0.0.202411081344/tools/bin/../lib/gcc/arm-none-eabi/13.3.1/../../../../arm-none-eabi/lib/thumb/v7-m/nofp\libc_nano.a(libc_a-sprintf.o)
 .ARM.attributes
                0x000005de       0x2d C:/ST/STM32CubeIDE_1.19.0/STM32CubeIDE/plugins/com.st.stm32cube.ide.mcu.externaltools.gnu-tools-for-stm32.13.3.rel1.win32_1.0.0.202411081344/tools/bin/../lib/gcc/arm-none-eabi/13.3.1/../../../../arm-none-eabi/lib/thumb/v7-m/nofp\libc_nano.a(libc_a-memcmp.o)
 .ARM.attributes
                0x0000060b       0x2d C:/ST/STM32CubeIDE_1.19.0/STM32CubeIDE/plugins/com.st.stm32cube.ide.mcu.externaltools.gnu-tools-for-stm32.13.3.rel1.win32_1.0.0.202411081344/tools/bin/../lib/gcc/arm-none-eabi/13.3.1/../../../../arm-none-eabi/lib/thumb/v7-m/nofp\libc_nano.a(libc_a-memset.o)
 .ARM.attributes
                0x00000638       0x2d C:/ST/STM32CubeIDE_1.19.0/STM32CubeIDE/plugins/com.st.stm32cube.ide.mcu.externaltools.gnu-tools-for-stm32.13.3.rel1.win32_1.0.0.202411081344/tools/bin/../lib/gcc/arm-none-eabi/13.3.1/../../../../arm-none-eabi/lib/thumb/v7-m/nofp\libc_nano.a(libc_a-strcat.o)
 .ARM.attributes
                0x00000665       0x2d C:/ST/STM32CubeIDE_1.19.0/STM32CubeIDE/plugins/com.st.stm32cube.ide.mcu.externaltools.gnu-tools-for-stm32.13.3.rel1.win32_1.0.0.202411081344/tools/bin/../lib/gcc/arm-none-eabi/13.3.1/../../../../arm-none-eabi/lib/thumb/v7-m/nofp\libc_nano.a(libc_a-reent.o)
 .ARM.attributes
                0x00000692       0x2d C:/ST/STM32CubeIDE_1.19.0/STM32CubeIDE/plugins/com.st.stm32cube.ide.mcu.externaltools.gnu-tools-for-stm32.13.3.rel1.win32_1.0.0.202411081344/tools/bin/../lib/gcc/arm-none-eabi/13.3.1/../../../../arm-none-eabi/lib/thumb/v7-m/nofp\libc_nano.a(libc_a-impure.o)
 .ARM.attributes
                0x000006bf       0x2d C:/ST/STM32CubeIDE_1.19.0/STM32CubeIDE/plugins/com.st.stm32cube.ide.mcu.externaltools.gnu-tools-for-stm32.13.3.rel1.win32_1.0.0.202411081344/tools/bin/../lib/gcc/arm-none-eabi/13.3.1/../../../../arm-none-eabi/lib/thumb/v7-m/nofp\libc_nano.a(libc_a-errno.o)
 .ARM.attributes
                0x000006ec       0x2d C:/ST/STM32CubeIDE_1.19.0/STM32CubeIDE/plugins/com.st.stm32cube.ide.mcu.externaltools.gnu-tools-for-stm32.13.3.rel1.win32_1.0.0.202411081344/tools/bin/../lib/gcc/arm-none-eabi/13.3.1/../../../../arm-none-eabi/lib/thumb/v7-m/nofp\libc_nano.a(libc_a-init.o)
 .ARM.attributes
                0x00000719       0x2d C:/ST/STM32CubeIDE_1.19.0/STM32CubeIDE/plugins/com.st.stm32cube.ide.mcu.externaltools.gnu-tools-for-stm32.13.3.rel1.win32_1.0.0.202411081344/tools/bin/../lib/gcc/arm-none-eabi/13.3.1/../../../../arm-none-eabi/lib/thumb/v7-m/nofp\libc_nano.a(libc_a-lock.o)
 .ARM.attributes
                0x00000746       0x2d C:/ST/STM32CubeIDE_1.19.0/STM32CubeIDE/plugins/com.st.stm32cube.ide.mcu.externaltools.gnu-tools-for-stm32.13.3.rel1.win32_1.0.0.202411081344/tools/bin/../lib/gcc/arm-none-eabi/13.3.1/../../../../arm-none-eabi/lib/thumb/v7-m/nofp\libc_nano.a(libc_a-memcpy-stub.o)
 .ARM.attributes
                0x00000773       0x17 C:/ST/STM32CubeIDE_1.19.0/STM32CubeIDE/plugins/com.st.stm32cube.ide.mcu.externaltools.gnu-tools-for-stm32.13.3.rel1.win32_1.0.0.202411081344/tools/bin/../lib/gcc/arm-none-eabi/13.3.1/../../../../arm-none-eabi/lib/thumb/v7-m/nofp\libc_nano.a(libc_a-strlen.o)
 .ARM.attributes
                0x0000078a       0x2d C:/ST/STM32CubeIDE_1.19.0/STM32CubeIDE/plugins/com.st.stm32cube.ide.mcu.externaltools.gnu-tools-for-stm32.13.3.rel1.win32_1.0.0.202411081344/tools/bin/../lib/gcc/arm-none-eabi/13.3.1/../../../../arm-none-eabi/lib/thumb/v7-m/nofp\libc_nano.a(libc_a-freer.o)
 .ARM.attributes
                0x000007b7       0x2d C:/ST/STM32CubeIDE_1.19.0/STM32CubeIDE/plugins/com.st.stm32cube.ide.mcu.externaltools.gnu-tools-for-stm32.13.3.rel1.win32_1.0.0.202411081344/tools/bin/../lib/gcc/arm-none-eabi/13.3.1/../../../../arm-none-eabi/lib/thumb/v7-m/nofp\libc_nano.a(libc_a-mallocr.o)
 .ARM.attributes
                0x000007e4       0x2d C:/ST/STM32CubeIDE_1.19.0/STM32CubeIDE/plugins/com.st.stm32cube.ide.mcu.externaltools.gnu-tools-for-stm32.13.3.rel1.win32_1.0.0.202411081344/tools/bin/../lib/gcc/arm-none-eabi/13.3.1/../../../../arm-none-eabi/lib/thumb/v7-m/nofp\libc_nano.a(libc_a-mlock.o)
 .ARM.attributes
                0x00000811       0x2d C:/ST/STM32CubeIDE_1.19.0/STM32CubeIDE/plugins/com.st.stm32cube.ide.mcu.externaltools.gnu-tools-for-stm32.13.3.rel1.win32_1.0.0.202411081344/tools/bin/../lib/gcc/arm-none-eabi/13.3.1/../../../../arm-none-eabi/lib/thumb/v7-m/nofp\libc_nano.a(libc_a-nano-svfprintf.o)
 .ARM.attributes
                0x0000083e       0x2d C:/ST/STM32CubeIDE_1.19.0/STM32CubeIDE/plugins/com.st.stm32cube.ide.mcu.externaltools.gnu-tools-for-stm32.13.3.rel1.win32_1.0.0.202411081344/tools/bin/../lib/gcc/arm-none-eabi/13.3.1/../../../../arm-none-eabi/lib/thumb/v7-m/nofp\libc_nano.a(libc_a-nano-vfprintf_i.o)
 .ARM.attributes
                0x0000086b       0x2d C:/ST/STM32CubeIDE_1.19.0/STM32CubeIDE/plugins/com.st.stm32cube.ide.mcu.externaltools.gnu-tools-for-stm32.13.3.rel1.win32_1.0.0.202411081344/tools/bin/../lib/gcc/arm-none-eabi/13.3.1/../../../../arm-none-eabi/lib/thumb/v7-m/nofp\libc_nano.a(libc_a-memmove.o)
 .ARM.attributes
                0x00000898       0x2d C:/ST/STM32CubeIDE_1.19.0/STM32CubeIDE/plugins/com.st.stm32cube.ide.mcu.externaltools.gnu-tools-for-stm32.13.3.rel1.win32_1.0.0.202411081344/tools/bin/../lib/gcc/arm-none-eabi/13.3.1/../../../../arm-none-eabi/lib/thumb/v7-m/nofp\libc_nano.a(libc_a-sbrkr.o)
 .ARM.attributes
                0x000008c5       0x2d C:/ST/STM32CubeIDE_1.19.0/STM32CubeIDE/plugins/com.st.stm32cube.ide.mcu.externaltools.gnu-tools-for-stm32.13.3.rel1.win32_1.0.0.202411081344/tools/bin/../lib/gcc/arm-none-eabi/13.3.1/../../../../arm-none-eabi/lib/thumb/v7-m/nofp\libc_nano.a(libc_a-memchr-stub.o)
 .ARM.attributes
                0x000008f2       0x2d C:/ST/STM32CubeIDE_1.19.0/STM32CubeIDE/plugins/com.st.stm32cube.ide.mcu.externaltools.gnu-tools-for-stm32.13.3.rel1.win32_1.0.0.202411081344/tools/bin/../lib/gcc/arm-none-eabi/13.3.1/../../../../arm-none-eabi/lib/thumb/v7-m/nofp\libc_nano.a(libc_a-reallocr.o)
 .ARM.attributes